  Determining projects to restore...
  All projects are up-to-date for restore.
D:\E7GEZLY\E7GEZLY API\E7GEZLY API\Controllers\VenueManagement\VenueBookingController.cs(13,38): warning CS1998: This async method lacks 'await' operators and will run synchronously. Consider using the 'await' operator to await non-blocking API calls, or 'await Task.Run(...)' to do CPU-bound work on a background thread. [D:\E7GEZLY\E7GEZLY API\E7GEZLY API\E7GEZLY API.csproj]
D:\E7GEZLY\E7GEZLY API\E7GEZLY API\Application\Features\VenueProfile\Queries\IsProfileComplete\IsProfileCompleteHandler.cs(50,21): warning CS8604: Possible null reference argument for parameter 'one' in 'bool ValueObject.operator ==(ValueObject one, ValueObject two)'. [D:\E7GEZLY\E7GEZLY API\E7GEZLY API\E7GEZLY API.csproj]
D:\E7GEZLY\E7GEZLY API\E7GEZLY API\Application\Features\VenueProfile\Queries\IsProfileComplete\IsProfileCompleteHandler.cs(50,50): warning CS8625: Cannot convert null literal to non-nullable reference type. [D:\E7GEZLY\E7GEZLY API\E7GEZLY API\E7GEZLY API.csproj]
D:\E7GEZLY\E7GEZLY API\E7GEZLY API\Application\Features\VenueProfile\Queries\IsProfileComplete\IsProfileCompleteHandler.cs(54,25): warning CS8604: Possible null reference argument for parameter 'one' in 'bool ValueObject.operator ==(ValueObject one, ValueObject two)'. [D:\E7GEZLY\E7GEZLY API\E7GEZLY API\E7GEZLY API.csproj]
D:\E7GEZLY\E7GEZLY API\E7GEZLY API\Application\Features\VenueProfile\Queries\IsProfileComplete\IsProfileCompleteHandler.cs(54,54): warning CS8625: Cannot convert null literal to non-nullable reference type. [D:\E7GEZLY\E7GEZLY API\E7GEZLY API\E7GEZLY API.csproj]
D:\E7GEZLY\E7GEZLY API\E7GEZLY API\Application\Features\Authentication\Commands\Login\VenueLoginHandler.cs(131,79): warning CS8625: Cannot convert null literal to non-nullable reference type. [D:\E7GEZLY\E7GEZLY API\E7GEZLY API\E7GEZLY API.csproj]
D:\E7GEZLY\E7GEZLY API\E7GEZLY API\Controllers\TestController.cs(54,61): warning CS8604: Possible null reference argument for parameter 'data' in 'ApiResponse<object> ApiResponse<object>.CreateSuccess(object data, string message = "Success")'. [D:\E7GEZLY\E7GEZLY API\E7GEZLY API\E7GEZLY API.csproj]
D:\E7GEZLY\E7GEZLY API\E7GEZLY API\Controllers\TestController.cs(57,68): warning CS8604: Possible null reference argument for parameter 'message' in 'ApiResponse<object> ApiResponse<object>.CreateError(string message)'. [D:\E7GEZLY\E7GEZLY API\E7GEZLY API\E7GEZLY API.csproj]
D:\E7GEZLY\E7GEZLY API\E7GEZLY API\Application\Common\Mappings\MappingProfile.cs(29,21): warning CS8604: Possible null reference argument for parameter 'one' in 'bool ValueObject.operator !=(ValueObject one, ValueObject two)'. [D:\E7GEZLY\E7GEZLY API\E7GEZLY API\E7GEZLY API.csproj]
D:\E7GEZLY\E7GEZLY API\E7GEZLY API\Application\Common\Mappings\MappingProfile.cs(29,48): warning CS8625: Cannot convert null literal to non-nullable reference type. [D:\E7GEZLY\E7GEZLY API\E7GEZLY API\E7GEZLY API.csproj]
D:\E7GEZLY\E7GEZLY API\E7GEZLY API\Controllers\LocationController.cs(42,61): warning CS8604: Possible null reference argument for parameter 'data' in 'ApiResponse<object> ApiResponse<object>.CreateSuccess(object data, string message = "Success")'. [D:\E7GEZLY\E7GEZLY API\E7GEZLY API\E7GEZLY API.csproj]
D:\E7GEZLY\E7GEZLY API\E7GEZLY API\Controllers\LocationController.cs(46,68): warning CS8604: Possible null reference argument for parameter 'message' in 'ApiResponse<object> ApiResponse<object>.CreateError(string message)'. [D:\E7GEZLY\E7GEZLY API\E7GEZLY API\E7GEZLY API.csproj]
D:\E7GEZLY\E7GEZLY API\E7GEZLY API\Application\Features\Authentication\Queries\GetUserProfile\GetUserProfileHandler.cs(37,39): warning CS8602: Dereference of a possibly null reference. [D:\E7GEZLY\E7GEZLY API\E7GEZLY API\E7GEZLY API.csproj]
D:\E7GEZLY\E7GEZLY API\E7GEZLY API\Application\Features\Authentication\Queries\GetUserProfile\GetUserProfileHandler.cs(39,39): warning CS8602: Dereference of a possibly null reference. [D:\E7GEZLY\E7GEZLY API\E7GEZLY API\E7GEZLY API.csproj]
D:\E7GEZLY\E7GEZLY API\E7GEZLY API\Application\Features\Authentication\Queries\GetUserProfile\GetUserProfileHandler.cs(41,39): warning CS8602: Dereference of a possibly null reference. [D:\E7GEZLY\E7GEZLY API\E7GEZLY API\E7GEZLY API.csproj]
D:\E7GEZLY\E7GEZLY API\E7GEZLY API\Application\Features\Authentication\Queries\GetUserProfile\GetUserProfileHandler.cs(43,39): warning CS8602: Dereference of a possibly null reference. [D:\E7GEZLY\E7GEZLY API\E7GEZLY API\E7GEZLY API.csproj]
D:\E7GEZLY\E7GEZLY API\E7GEZLY API\Controllers\LocationController.cs(64,61): warning CS8604: Possible null reference argument for parameter 'data' in 'ApiResponse<object> ApiResponse<object>.CreateSuccess(object data, string message = "Success")'. [D:\E7GEZLY\E7GEZLY API\E7GEZLY API\E7GEZLY API.csproj]
D:\E7GEZLY\E7GEZLY API\E7GEZLY API\Controllers\LocationController.cs(68,68): warning CS8604: Possible null reference argument for parameter 'message' in 'ApiResponse<object> ApiResponse<object>.CreateError(string message)'. [D:\E7GEZLY\E7GEZLY API\E7GEZLY API\E7GEZLY API.csproj]
D:\E7GEZLY\E7GEZLY API\E7GEZLY API\Controllers\TestController.cs(133,61): warning CS8604: Possible null reference argument for parameter 'data' in 'ApiResponse<object> ApiResponse<object>.CreateSuccess(object data, string message = "Success")'. [D:\E7GEZLY\E7GEZLY API\E7GEZLY API\E7GEZLY API.csproj]
D:\E7GEZLY\E7GEZLY API\E7GEZLY API\Controllers\TestController.cs(136,68): warning CS8604: Possible null reference argument for parameter 'message' in 'ApiResponse<object> ApiResponse<object>.CreateError(string message)'. [D:\E7GEZLY\E7GEZLY API\E7GEZLY API\E7GEZLY API.csproj]
D:\E7GEZLY\E7GEZLY API\E7GEZLY API\Controllers\LocationController.cs(85,61): warning CS8604: Possible null reference argument for parameter 'data' in 'ApiResponse<object> ApiResponse<object>.CreateSuccess(object data, string message = "Success")'. [D:\E7GEZLY\E7GEZLY API\E7GEZLY API\E7GEZLY API.csproj]
D:\E7GEZLY\E7GEZLY API\E7GEZLY API\Controllers\LocationController.cs(89,68): warning CS8604: Possible null reference argument for parameter 'message' in 'ApiResponse<object> ApiResponse<object>.CreateError(string message)'. [D:\E7GEZLY\E7GEZLY API\E7GEZLY API\E7GEZLY API.csproj]
D:\E7GEZLY\E7GEZLY API\E7GEZLY API\Application\Features\Authentication\Commands\Register\RegisterVenueHandler.cs(74,37): error CS1503: Argument 1: cannot convert from 'E7GEZLY_API.Models.Venue' to 'E7GEZLY_API.Domain.Entities.Venue' [D:\E7GEZLY\E7GEZLY API\E7GEZLY API\E7GEZLY API.csproj]
D:\E7GEZLY\E7GEZLY API\E7GEZLY API\Controllers\LocationController.cs(117,68): warning CS8604: Possible null reference argument for parameter 'message' in 'ApiResponse<object> ApiResponse<object>.CreateError(string message)'. [D:\E7GEZLY\E7GEZLY API\E7GEZLY API\E7GEZLY API.csproj]
D:\E7GEZLY\E7GEZLY API\E7GEZLY API\Application\Features\VenueProfile\Queries\GetVenueProfile\GetVenueProfileHandler.cs(77,38): warning CS8625: Cannot convert null literal to non-nullable reference type. [D:\E7GEZLY\E7GEZLY API\E7GEZLY API\E7GEZLY API.csproj]
D:\E7GEZLY\E7GEZLY API\E7GEZLY API\Controllers\VenueManagement\VenueProfileController.cs(129,85): warning CS8604: Possible null reference argument for parameter 'data' in 'ApiResponse<ProfileCompletionStatusDto> ApiResponse<ProfileCompletionStatusDto>.CreateSuccess(ProfileCompletionStatusDto data, string message = "Success")'. [D:\E7GEZLY\E7GEZLY API\E7GEZLY API\E7GEZLY API.csproj]
D:\E7GEZLY\E7GEZLY API\E7GEZLY API\Services\VenueManagement\VenueSubUserService.cs(67,63): error CS1503: Argument 1: cannot convert from 'E7GEZLY_API.Domain.Entities.VenueSubUser' to 'E7GEZLY_API.Models.VenueSubUser' [D:\E7GEZLY\E7GEZLY API\E7GEZLY API\E7GEZLY API.csproj]
D:\E7GEZLY\E7GEZLY API\E7GEZLY API\Services\VenueManagement\VenueSubUserService.cs(89,59): error CS1061: 'VenueSubUserLoginDto' does not contain a definition for 'DeviceType' and no accessible extension method 'DeviceType' accepting a first argument of type 'VenueSubUserLoginDto' could be found (are you missing a using directive or an assembly reference?) [D:\E7GEZLY\E7GEZLY API\E7GEZLY API\E7GEZLY API.csproj]
D:\E7GEZLY\E7GEZLY API\E7GEZLY API\Services\VenueManagement\VenueSubUserService.cs(89,86): error CS1061: 'VenueSubUserLoginDto' does not contain a definition for 'IpAddress' and no accessible extension method 'IpAddress' accepting a first argument of type 'VenueSubUserLoginDto' could be found (are you missing a using directive or an assembly reference?) [D:\E7GEZLY\E7GEZLY API\E7GEZLY API\E7GEZLY API.csproj]
D:\E7GEZLY\E7GEZLY API\E7GEZLY API\Services\VenueManagement\VenueSubUserService.cs(97,58): error CS1503: Argument 1: cannot convert from 'E7GEZLY_API.Domain.Entities.VenueSubUser' to 'E7GEZLY_API.Models.VenueSubUser' [D:\E7GEZLY\E7GEZLY API\E7GEZLY API\E7GEZLY API.csproj]
D:\E7GEZLY\E7GEZLY API\E7GEZLY API\Services\VenueManagement\VenueSubUserService.cs(112,47): error CS1503: Argument 1: cannot convert from 'E7GEZLY_API.Models.VenueSubUserSession' to 'E7GEZLY_API.Domain.Entities.VenueSubUserSession' [D:\E7GEZLY\E7GEZLY API\E7GEZLY API\E7GEZLY API.csproj]
D:\E7GEZLY\E7GEZLY API\E7GEZLY API\Services\VenueManagement\VenueSubUserService.cs(134,34): error CS1503: Argument 1: cannot convert from 'E7GEZLY_API.Domain.Entities.VenueSubUser' to 'E7GEZLY_API.Models.VenueSubUser' [D:\E7GEZLY\E7GEZLY API\E7GEZLY API\E7GEZLY API.csproj]
D:\E7GEZLY\E7GEZLY API\E7GEZLY API\Services\VenueManagement\VenueSubUserService.cs(164,17): error CS1503: Argument 6: cannot convert from 'System.Guid?' to 'System.Guid' [D:\E7GEZLY\E7GEZLY API\E7GEZLY API\E7GEZLY API.csproj]
D:\E7GEZLY\E7GEZLY API\E7GEZLY API\Services\VenueManagement\VenueSubUserService.cs(172,40): error CS1503: Argument 1: cannot convert from 'E7GEZLY_API.Models.VenueSubUser' to 'E7GEZLY_API.Domain.Entities.VenueSubUser' [D:\E7GEZLY\E7GEZLY API\E7GEZLY API\E7GEZLY API.csproj]
D:\E7GEZLY\E7GEZLY API\E7GEZLY API\Domain\ValueObjects\Address.cs(51,111): warning CS8604: Possible null reference argument for parameter 'one' in 'bool ValueObject.operator ==(ValueObject one, ValueObject two)'. [D:\E7GEZLY\E7GEZLY API\E7GEZLY API\E7GEZLY API.csproj]
D:\E7GEZLY\E7GEZLY API\E7GEZLY API\Domain\ValueObjects\Address.cs(51,126): warning CS8625: Cannot convert null literal to non-nullable reference type. [D:\E7GEZLY\E7GEZLY API\E7GEZLY API\E7GEZLY API.csproj]
D:\E7GEZLY\E7GEZLY API\E7GEZLY API\Services\VenueManagement\VenueSubUserService.cs(267,43): error CS1503: Argument 1: cannot convert from 'E7GEZLY_API.Models.VenueSubUser' to 'E7GEZLY_API.Domain.Entities.VenueSubUser' [D:\E7GEZLY\E7GEZLY API\E7GEZLY API\E7GEZLY API.csproj]
D:\E7GEZLY\E7GEZLY API\E7GEZLY API\Controllers\Auth\CustomerAuthController.cs(333,70): error CS1061: 'District' does not contain a definition for 'GovernorateId' and no accessible extension method 'GovernorateId' accepting a first argument of type 'District' could be found (are you missing a using directive or an assembly reference?) [D:\E7GEZLY\E7GEZLY API\E7GEZLY API\E7GEZLY API.csproj]
D:\E7GEZLY\E7GEZLY API\E7GEZLY API\Application\Features\VenueProfile\Commands\CompleteProfile\CompleteVenueProfileHandler.cs(104,48): warning CS8625: Cannot convert null literal to non-nullable reference type. [D:\E7GEZLY\E7GEZLY API\E7GEZLY API\E7GEZLY API.csproj]
D:\E7GEZLY\E7GEZLY API\E7GEZLY API\Services\VenueManagement\VenueSubUserService.cs(365,33): error CS1061: 'VenueSubUser' does not contain a definition for 'CreatedBy' and no accessible extension method 'CreatedBy' accepting a first argument of type 'VenueSubUser' could be found (are you missing a using directive or an assembly reference?) [D:\E7GEZLY\E7GEZLY API\E7GEZLY API\E7GEZLY API.csproj]
D:\E7GEZLY\E7GEZLY API\E7GEZLY API\Domain\Services\VenueProfileCompletionService.cs(34,29): warning CS8604: Possible null reference argument for parameter 'one' in 'bool ValueObject.operator !=(ValueObject one, ValueObject two)'. [D:\E7GEZLY\E7GEZLY API\E7GEZLY API\E7GEZLY API.csproj]
D:\E7GEZLY\E7GEZLY API\E7GEZLY API\Domain\Services\VenueProfileCompletionService.cs(34,58): warning CS8625: Cannot convert null literal to non-nullable reference type. [D:\E7GEZLY\E7GEZLY API\E7GEZLY API\E7GEZLY API.csproj]
D:\E7GEZLY\E7GEZLY API\E7GEZLY API\Services\VenueManagement\VenueSubUserService.cs(378,33): error CS1061: 'VenueSubUser' does not contain a definition for 'CreatedBy' and no accessible extension method 'CreatedBy' accepting a first argument of type 'VenueSubUser' could be found (are you missing a using directive or an assembly reference?) [D:\E7GEZLY\E7GEZLY API\E7GEZLY API\E7GEZLY API.csproj]
D:\E7GEZLY\E7GEZLY API\E7GEZLY API\Domain\Services\VenueProfileCompletionService.cs(74,13): warning CS8604: Possible null reference argument for parameter 'one' in 'bool ValueObject.operator ==(ValueObject one, ValueObject two)'. [D:\E7GEZLY\E7GEZLY API\E7GEZLY API\E7GEZLY API.csproj]
D:\E7GEZLY\E7GEZLY API\E7GEZLY API\Domain\Services\VenueProfileCompletionService.cs(74,42): warning CS8625: Cannot convert null literal to non-nullable reference type. [D:\E7GEZLY\E7GEZLY API\E7GEZLY API\E7GEZLY API.csproj]
D:\E7GEZLY\E7GEZLY API\E7GEZLY API\Services\VenueManagement\VenueSubUserService.cs(418,33): error CS1061: 'VenueSubUserSession' does not contain a definition for 'SubUser' and no accessible extension method 'SubUser' accepting a first argument of type 'VenueSubUserSession' could be found (are you missing a using directive or an assembly reference?) [D:\E7GEZLY\E7GEZLY API\E7GEZLY API\E7GEZLY API.csproj]
D:\E7GEZLY\E7GEZLY API\E7GEZLY API\Domain\Services\VenueProfileCompletionService.cs(136,30): warning CS1998: This async method lacks 'await' operators and will run synchronously. Consider using the 'await' operator to await non-blocking API calls, or 'await Task.Run(...)' to do CPU-bound work on a background thread. [D:\E7GEZLY\E7GEZLY API\E7GEZLY API\E7GEZLY API.csproj]
D:\E7GEZLY\E7GEZLY API\E7GEZLY API\Application\Features\VenueProfile\Commands\CompletePlayStationProfile\CompletePlayStationProfileHandler.cs(169,48): error CS1503: Argument 1: cannot convert from 'E7GEZLY_API.Models.VenueWorkingHours' to 'E7GEZLY_API.Domain.Entities.VenueWorkingHours' [D:\E7GEZLY\E7GEZLY API\E7GEZLY API\E7GEZLY API.csproj]
D:\E7GEZLY\E7GEZLY API\E7GEZLY API\Application\Features\VenueProfile\Commands\CompletePlayStationProfile\CompletePlayStationProfileHandler.cs(149,28): warning CS1998: This async method lacks 'await' operators and will run synchronously. Consider using the 'await' operator to await non-blocking API calls, or 'await Task.Run(...)' to do CPU-bound work on a background thread. [D:\E7GEZLY\E7GEZLY API\E7GEZLY API\E7GEZLY API.csproj]
D:\E7GEZLY\E7GEZLY API\E7GEZLY API\Application\Features\VenueProfile\Commands\CompletePlayStationProfile\CompletePlayStationProfileHandler.cs(184,50): error CS1503: Argument 1: cannot convert from 'E7GEZLY_API.Models.VenuePlayStationDetails' to 'E7GEZLY_API.Domain.Entities.VenuePlayStationDetails' [D:\E7GEZLY\E7GEZLY API\E7GEZLY API\E7GEZLY API.csproj]
D:\E7GEZLY\E7GEZLY API\E7GEZLY API\Infrastructure\Repositories\VenueRepository.cs(67,52): error CS0019: Operator '==' cannot be applied to operands of type 'VenueName' and 'string' [D:\E7GEZLY\E7GEZLY API\E7GEZLY API\E7GEZLY API.csproj]
D:\E7GEZLY\E7GEZLY API\E7GEZLY API\Application\Features\VenueProfile\Commands\CompleteCourtProfile\CompleteCourtProfileHandler.cs(151,53): error CS1501: No overload for method 'Create' takes 9 arguments [D:\E7GEZLY\E7GEZLY API\E7GEZLY API\E7GEZLY API.csproj]
D:\E7GEZLY\E7GEZLY API\E7GEZLY API\Application\Features\VenueProfile\Commands\CompleteCourtProfile\CompleteCourtProfileHandler.cs(140,28): warning CS1998: This async method lacks 'await' operators and will run synchronously. Consider using the 'await' operator to await non-blocking API calls, or 'await Task.Run(...)' to do CPU-bound work on a background thread. [D:\E7GEZLY\E7GEZLY API\E7GEZLY API\E7GEZLY API.csproj]
D:\E7GEZLY\E7GEZLY API\E7GEZLY API\Infrastructure\Repositories\VenueRepository.cs(79,56): error CS1503: Argument 1: cannot convert from 'E7GEZLY_API.Models.Venue' to 'E7GEZLY_API.Domain.Entities.Venue' [D:\E7GEZLY\E7GEZLY API\E7GEZLY API\E7GEZLY API.csproj]
D:\E7GEZLY\E7GEZLY API\E7GEZLY API\Domain\Services\VenueProfileCompletionService.cs(157,24): warning CS1998: This async method lacks 'await' operators and will run synchronously. Consider using the 'await' operator to await non-blocking API calls, or 'await Task.Run(...)' to do CPU-bound work on a background thread. [D:\E7GEZLY\E7GEZLY API\E7GEZLY API\E7GEZLY API.csproj]
D:\E7GEZLY\E7GEZLY API\E7GEZLY API\Infrastructure\Repositories\VenueRepository.cs(86,36): error CS1503: Argument 1: cannot convert from 'E7GEZLY_API.Models.Venue' to 'E7GEZLY_API.Domain.Entities.Venue' [D:\E7GEZLY\E7GEZLY API\E7GEZLY API\E7GEZLY API.csproj]
D:\E7GEZLY\E7GEZLY API\E7GEZLY API\Infrastructure\Repositories\VenueRepository.cs(83,34): warning CS1998: This async method lacks 'await' operators and will run synchronously. Consider using the 'await' operator to await non-blocking API calls, or 'await Task.Run(...)' to do CPU-bound work on a background thread. [D:\E7GEZLY\E7GEZLY API\E7GEZLY API\E7GEZLY API.csproj]
D:\E7GEZLY\E7GEZLY API\E7GEZLY API\Application\Features\VenueProfile\Commands\CompleteCourtProfile\CompleteCourtProfileHandler.cs(186,39): error CS1503: Argument 1: cannot convert from 'E7GEZLY_API.Models.VenuePricing' to 'E7GEZLY_API.Domain.Entities.VenuePricing' [D:\E7GEZLY\E7GEZLY API\E7GEZLY API\E7GEZLY API.csproj]
D:\E7GEZLY\E7GEZLY API\E7GEZLY API\Application\Features\VenueProfile\Commands\CompleteCourtProfile\CompleteCourtProfileHandler.cs(198,39): error CS1503: Argument 1: cannot convert from 'E7GEZLY_API.Models.VenuePricing' to 'E7GEZLY_API.Domain.Entities.VenuePricing' [D:\E7GEZLY\E7GEZLY API\E7GEZLY API\E7GEZLY API.csproj]
D:\E7GEZLY\E7GEZLY API\E7GEZLY API\Application\Features\VenueProfile\Commands\CompleteCourtProfile\CompleteCourtProfileHandler.cs(167,28): warning CS1998: This async method lacks 'await' operators and will run synchronously. Consider using the 'await' operator to await non-blocking API calls, or 'await Task.Run(...)' to do CPU-bound work on a background thread. [D:\E7GEZLY\E7GEZLY API\E7GEZLY API\E7GEZLY API.csproj]
D:\E7GEZLY\E7GEZLY API\E7GEZLY API\Application\Features\VenueProfile\Commands\CompleteCourtProfile\CompleteCourtProfileHandler.cs(214,42): error CS1503: Argument 1: cannot convert from 'E7GEZLY_API.Models.VenueImage' to 'E7GEZLY_API.Domain.Entities.VenueImage' [D:\E7GEZLY\E7GEZLY API\E7GEZLY API\E7GEZLY API.csproj]
D:\E7GEZLY\E7GEZLY API\E7GEZLY API\Application\Features\VenueProfile\Commands\CompleteCourtProfile\CompleteCourtProfileHandler.cs(201,28): warning CS1998: This async method lacks 'await' operators and will run synchronously. Consider using the 'await' operator to await non-blocking API calls, or 'await Task.Run(...)' to do CPU-bound work on a background thread. [D:\E7GEZLY\E7GEZLY API\E7GEZLY API\E7GEZLY API.csproj]
D:\E7GEZLY\E7GEZLY API\E7GEZLY API\Services\VenueManagement\VenueSubUserService.cs(476,25): error CS0272: The property or indexer 'VenueSubUserSession.IsActive' cannot be used in this context because the set accessor is inaccessible [D:\E7GEZLY\E7GEZLY API\E7GEZLY API\E7GEZLY API.csproj]
D:\E7GEZLY\E7GEZLY API\E7GEZLY API\Services\VenueManagement\VenueSubUserService.cs(477,25): error CS0272: The property or indexer 'BaseEntity.UpdatedAt' cannot be used in this context because the set accessor is inaccessible [D:\E7GEZLY\E7GEZLY API\E7GEZLY API\E7GEZLY API.csproj]
D:\E7GEZLY\E7GEZLY API\E7GEZLY API\Services\VenueManagement\VenueSubUserService.cs(497,62): error CS1061: 'VenueSubUserSession' does not contain a definition for 'SubUser' and no accessible extension method 'SubUser' accepting a first argument of type 'VenueSubUserSession' could be found (are you missing a using directive or an assembly reference?) [D:\E7GEZLY\E7GEZLY API\E7GEZLY API\E7GEZLY API.csproj]
D:\E7GEZLY\E7GEZLY API\E7GEZLY API\Infrastructure\Mappings\SimpleMappingProfile.cs(28,77): warning CS8604: Possible null reference argument for parameter 'one' in 'bool ValueObject.operator !=(ValueObject one, ValueObject two)'. [D:\E7GEZLY\E7GEZLY API\E7GEZLY API\E7GEZLY API.csproj]
D:\E7GEZLY\E7GEZLY API\E7GEZLY API\Infrastructure\Mappings\SimpleMappingProfile.cs(28,104): warning CS8625: Cannot convert null literal to non-nullable reference type. [D:\E7GEZLY\E7GEZLY API\E7GEZLY API\E7GEZLY API.csproj]
D:\E7GEZLY\E7GEZLY API\E7GEZLY API\Infrastructure\Mappings\SimpleMappingProfile.cs(29,78): warning CS8604: Possible null reference argument for parameter 'one' in 'bool ValueObject.operator !=(ValueObject one, ValueObject two)'. [D:\E7GEZLY\E7GEZLY API\E7GEZLY API\E7GEZLY API.csproj]
D:\E7GEZLY\E7GEZLY API\E7GEZLY API\Infrastructure\Mappings\SimpleMappingProfile.cs(29,105): warning CS8625: Cannot convert null literal to non-nullable reference type. [D:\E7GEZLY\E7GEZLY API\E7GEZLY API\E7GEZLY API.csproj]
D:\E7GEZLY\E7GEZLY API\E7GEZLY API\Application\Features\VenueProfile\Commands\CompletePlayStationProfile\CompletePlayStationProfileHandler.cs(236,43): error CS1503: Argument 1: cannot convert from 'E7GEZLY_API.Models.VenuePricing' to 'E7GEZLY_API.Domain.Entities.VenuePricing' [D:\E7GEZLY\E7GEZLY API\E7GEZLY API\E7GEZLY API.csproj]
D:\E7GEZLY\E7GEZLY API\E7GEZLY API\Application\Features\VenueProfile\Commands\CompletePlayStationProfile\CompletePlayStationProfileHandler.cs(247,43): error CS1503: Argument 1: cannot convert from 'E7GEZLY_API.Models.VenuePricing' to 'E7GEZLY_API.Domain.Entities.VenuePricing' [D:\E7GEZLY\E7GEZLY API\E7GEZLY API\E7GEZLY API.csproj]
D:\E7GEZLY\E7GEZLY API\E7GEZLY API\Application\Features\VenueProfile\Commands\CompletePlayStationProfile\CompletePlayStationProfileHandler.cs(262,43): error CS1503: Argument 1: cannot convert from 'E7GEZLY_API.Models.VenuePricing' to 'E7GEZLY_API.Domain.Entities.VenuePricing' [D:\E7GEZLY\E7GEZLY API\E7GEZLY API\E7GEZLY API.csproj]
D:\E7GEZLY\E7GEZLY API\E7GEZLY API\Application\Features\VenueProfile\Commands\CompletePlayStationProfile\CompletePlayStationProfileHandler.cs(273,43): error CS1503: Argument 1: cannot convert from 'E7GEZLY_API.Models.VenuePricing' to 'E7GEZLY_API.Domain.Entities.VenuePricing' [D:\E7GEZLY\E7GEZLY API\E7GEZLY API\E7GEZLY API.csproj]
D:\E7GEZLY\E7GEZLY API\E7GEZLY API\Application\Features\VenueProfile\Commands\CompletePlayStationProfile\CompletePlayStationProfileHandler.cs(227,28): warning CS1998: This async method lacks 'await' operators and will run synchronously. Consider using the 'await' operator to await non-blocking API calls, or 'await Task.Run(...)' to do CPU-bound work on a background thread. [D:\E7GEZLY\E7GEZLY API\E7GEZLY API\E7GEZLY API.csproj]
D:\E7GEZLY\E7GEZLY API\E7GEZLY API\Application\Features\VenueProfile\Commands\CompletePlayStationProfile\CompletePlayStationProfileHandler.cs(291,42): error CS1503: Argument 1: cannot convert from 'E7GEZLY_API.Models.VenueImage' to 'E7GEZLY_API.Domain.Entities.VenueImage' [D:\E7GEZLY\E7GEZLY API\E7GEZLY API\E7GEZLY API.csproj]
D:\E7GEZLY\E7GEZLY API\E7GEZLY API\Application\Features\VenueProfile\Commands\CompletePlayStationProfile\CompletePlayStationProfileHandler.cs(286,28): warning CS1998: This async method lacks 'await' operators and will run synchronously. Consider using the 'await' operator to await non-blocking API calls, or 'await Task.Run(...)' to do CPU-bound work on a background thread. [D:\E7GEZLY\E7GEZLY API\E7GEZLY API\E7GEZLY API.csproj]
D:\E7GEZLY\E7GEZLY API\E7GEZLY API\Infrastructure\Repositories\VenueRepository.cs(108,20): error CS1929: 'List<Venue>' does not contain a definition for 'ToDomainEntities' and the best extension method overload 'SimpleExtensions.ToDomainEntities(IEnumerable<Venue>)' requires a receiver of type 'System.Collections.Generic.IEnumerable<E7GEZLY_API.Models.Venue>' [D:\E7GEZLY\E7GEZLY API\E7GEZLY API\E7GEZLY API.csproj]
D:\E7GEZLY\E7GEZLY API\E7GEZLY API\Infrastructure\Repositories\CustomerProfileRepository.cs(68,30): warning CS8604: Possible null reference argument for parameter 'one' in 'bool ValueObject.operator !=(ValueObject one, ValueObject two)'. [D:\E7GEZLY\E7GEZLY API\E7GEZLY API\E7GEZLY API.csproj]
D:\E7GEZLY\E7GEZLY API\E7GEZLY API\Infrastructure\Repositories\CustomerProfileRepository.cs(68,56): warning CS8625: Cannot convert null literal to non-nullable reference type. [D:\E7GEZLY\E7GEZLY API\E7GEZLY API\E7GEZLY API.csproj]
D:\E7GEZLY\E7GEZLY API\E7GEZLY API\Services\VenueManagement\VenueSubUserService.cs(541,33): error CS1061: 'VenueSubUser' does not contain a definition for 'CreatedBy' and no accessible extension method 'CreatedBy' accepting a first argument of type 'VenueSubUser' could be found (are you missing a using directive or an assembly reference?) [D:\E7GEZLY\E7GEZLY API\E7GEZLY API\E7GEZLY API.csproj]
D:\E7GEZLY\E7GEZLY API\E7GEZLY API\Domain\Services\VenueProfileCompletionService.cs(174,24): warning CS1998: This async method lacks 'await' operators and will run synchronously. Consider using the 'await' operator to await non-blocking API calls, or 'await Task.Run(...)' to do CPU-bound work on a background thread. [D:\E7GEZLY\E7GEZLY API\E7GEZLY API\E7GEZLY API.csproj]
D:\E7GEZLY\E7GEZLY API\E7GEZLY API\Domain\Services\VenueProfileCompletionService.cs(210,24): warning CS1998: This async method lacks 'await' operators and will run synchronously. Consider using the 'await' operator to await non-blocking API calls, or 'await Task.Run(...)' to do CPU-bound work on a background thread. [D:\E7GEZLY\E7GEZLY API\E7GEZLY API\E7GEZLY API.csproj]
D:\E7GEZLY\E7GEZLY API\E7GEZLY API\Infrastructure\Repositories\VenueRepository.cs(120,20): error CS1929: 'List<Venue>' does not contain a definition for 'ToDomainEntities' and the best extension method overload 'SimpleExtensions.ToDomainEntities(IEnumerable<Venue>)' requires a receiver of type 'System.Collections.Generic.IEnumerable<E7GEZLY_API.Models.Venue>' [D:\E7GEZLY\E7GEZLY API\E7GEZLY API\E7GEZLY API.csproj]
D:\E7GEZLY\E7GEZLY API\E7GEZLY API\Services\VenueManagement\VenueAuditService.cs(49,45): error CS1503: Argument 1: cannot convert from 'E7GEZLY_API.Models.VenueAuditLog' to 'E7GEZLY_API.Domain.Entities.VenueAuditLog' [D:\E7GEZLY\E7GEZLY API\E7GEZLY API\E7GEZLY API.csproj]
D:\E7GEZLY\E7GEZLY API\E7GEZLY API\Services\VenueManagement\VenueAuditService.cs(95,45): error CS1503: Argument 1: cannot convert from 'E7GEZLY_API.Models.VenueAuditLog' to 'E7GEZLY_API.Domain.Entities.VenueAuditLog' [D:\E7GEZLY\E7GEZLY API\E7GEZLY API\E7GEZLY API.csproj]
D:\E7GEZLY\E7GEZLY API\E7GEZLY API\Infrastructure\Repositories\VenueRepository.cs(140,20): error CS1929: 'List<Venue>' does not contain a definition for 'ToDomainEntities' and the best extension method overload 'SimpleExtensions.ToDomainEntities(IEnumerable<Venue>)' requires a receiver of type 'System.Collections.Generic.IEnumerable<E7GEZLY_API.Models.Venue>' [D:\E7GEZLY\E7GEZLY API\E7GEZLY API\E7GEZLY API.csproj]
D:\E7GEZLY\E7GEZLY API\E7GEZLY API\Infrastructure\Repositories\CustomerProfileRepository.cs(133,44): warning CS1998: This async method lacks 'await' operators and will run synchronously. Consider using the 'await' operator to await non-blocking API calls, or 'await Task.Run(...)' to do CPU-bound work on a background thread. [D:\E7GEZLY\E7GEZLY API\E7GEZLY API\E7GEZLY API.csproj]
D:\E7GEZLY\E7GEZLY API\E7GEZLY API\Domain\Services\VenueAuthorizationService.cs(93,44): warning CS1998: This async method lacks 'await' operators and will run synchronously. Consider using the 'await' operator to await non-blocking API calls, or 'await Task.Run(...)' to do CPU-bound work on a background thread. [D:\E7GEZLY\E7GEZLY API\E7GEZLY API\E7GEZLY API.csproj]
D:\E7GEZLY\E7GEZLY API\E7GEZLY API\Services\VenueManagement\VenueAuditService.cs(117,35): error CS1061: 'VenueAuditLog' does not contain a definition for 'SubUser' and no accessible extension method 'SubUser' accepting a first argument of type 'VenueAuditLog' could be found (are you missing a using directive or an assembly reference?) [D:\E7GEZLY\E7GEZLY API\E7GEZLY API\E7GEZLY API.csproj]
D:\E7GEZLY\E7GEZLY API\E7GEZLY API\Infrastructure\Repositories\VenueRepository.cs(146,61): error CS1061: 'Venue' does not contain a definition for 'DistrictId' and no accessible extension method 'DistrictId' accepting a first argument of type 'Venue' could be found (are you missing a using directive or an assembly reference?) [D:\E7GEZLY\E7GEZLY API\E7GEZLY API\E7GEZLY API.csproj]
D:\E7GEZLY\E7GEZLY API\E7GEZLY API\Domain\Services\VenueAuthorizationService.cs(127,41): warning CS1998: This async method lacks 'await' operators and will run synchronously. Consider using the 'await' operator to await non-blocking API calls, or 'await Task.Run(...)' to do CPU-bound work on a background thread. [D:\E7GEZLY\E7GEZLY API\E7GEZLY API\E7GEZLY API.csproj]
D:\E7GEZLY\E7GEZLY API\E7GEZLY API\Domain\Services\VenueAuthorizationService.cs(181,42): warning CS1998: This async method lacks 'await' operators and will run synchronously. Consider using the 'await' operator to await non-blocking API calls, or 'await Task.Run(...)' to do CPU-bound work on a background thread. [D:\E7GEZLY\E7GEZLY API\E7GEZLY API\E7GEZLY API.csproj]
D:\E7GEZLY\E7GEZLY API\E7GEZLY API\Infrastructure\Repositories\UserRepository.cs(128,33): warning CS1998: This async method lacks 'await' operators and will run synchronously. Consider using the 'await' operator to await non-blocking API calls, or 'await Task.Run(...)' to do CPU-bound work on a background thread. [D:\E7GEZLY\E7GEZLY API\E7GEZLY API\E7GEZLY API.csproj]
D:\E7GEZLY\E7GEZLY API\E7GEZLY API\Domain\Services\VenueAuthorizationService.cs(206,42): warning CS1998: This async method lacks 'await' operators and will run synchronously. Consider using the 'await' operator to await non-blocking API calls, or 'await Task.Run(...)' to do CPU-bound work on a background thread. [D:\E7GEZLY\E7GEZLY API\E7GEZLY API\E7GEZLY API.csproj]
D:\E7GEZLY\E7GEZLY API\E7GEZLY API\Domain\Services\UserVerificationService.cs(14,31): warning CS1998: This async method lacks 'await' operators and will run synchronously. Consider using the 'await' operator to await non-blocking API calls, or 'await Task.Run(...)' to do CPU-bound work on a background thread. [D:\E7GEZLY\E7GEZLY API\E7GEZLY API\E7GEZLY API.csproj]
D:\E7GEZLY\E7GEZLY API\E7GEZLY API\Domain\Services\UserVerificationService.cs(20,31): warning CS1998: This async method lacks 'await' operators and will run synchronously. Consider using the 'await' operator to await non-blocking API calls, or 'await Task.Run(...)' to do CPU-bound work on a background thread. [D:\E7GEZLY\E7GEZLY API\E7GEZLY API\E7GEZLY API.csproj]
D:\E7GEZLY\E7GEZLY API\E7GEZLY API\Domain\Services\UserVerificationService.cs(26,31): warning CS1998: This async method lacks 'await' operators and will run synchronously. Consider using the 'await' operator to await non-blocking API calls, or 'await Task.Run(...)' to do CPU-bound work on a background thread. [D:\E7GEZLY\E7GEZLY API\E7GEZLY API\E7GEZLY API.csproj]
D:\E7GEZLY\E7GEZLY API\E7GEZLY API\Services\Auth\TokenService.cs(191,33): warning CS1998: This async method lacks 'await' operators and will run synchronously. Consider using the 'await' operator to await non-blocking API calls, or 'await Task.Run(...)' to do CPU-bound work on a background thread. [D:\E7GEZLY\E7GEZLY API\E7GEZLY API\E7GEZLY API.csproj]
D:\E7GEZLY\E7GEZLY API\E7GEZLY API\Domain\Services\UserVerificationService.cs(34,33): warning CS1998: This async method lacks 'await' operators and will run synchronously. Consider using the 'await' operator to await non-blocking API calls, or 'await Task.Run(...)' to do CPU-bound work on a background thread. [D:\E7GEZLY\E7GEZLY API\E7GEZLY API\E7GEZLY API.csproj]
D:\E7GEZLY\E7GEZLY API\E7GEZLY API\Infrastructure\Repositories\LocationRepository.cs(162,40): warning CS1998: This async method lacks 'await' operators and will run synchronously. Consider using the 'await' operator to await non-blocking API calls, or 'await Task.Run(...)' to do CPU-bound work on a background thread. [D:\E7GEZLY\E7GEZLY API\E7GEZLY API\E7GEZLY API.csproj]
D:\E7GEZLY\E7GEZLY API\E7GEZLY API\Domain\Services\UserVerificationService.cs(47,29): warning CS1998: This async method lacks 'await' operators and will run synchronously. Consider using the 'await' operator to await non-blocking API calls, or 'await Task.Run(...)' to do CPU-bound work on a background thread. [D:\E7GEZLY\E7GEZLY API\E7GEZLY API\E7GEZLY API.csproj]
D:\E7GEZLY\E7GEZLY API\E7GEZLY API\Infrastructure\Repositories\LocationRepository.cs(169,37): warning CS1998: This async method lacks 'await' operators and will run synchronously. Consider using the 'await' operator to await non-blocking API calls, or 'await Task.Run(...)' to do CPU-bound work on a background thread. [D:\E7GEZLY\E7GEZLY API\E7GEZLY API\E7GEZLY API.csproj]
D:\E7GEZLY\E7GEZLY API\E7GEZLY API\Services\Auth\TokenService.cs(219,45): warning CS1998: This async method lacks 'await' operators and will run synchronously. Consider using the 'await' operator to await non-blocking API calls, or 'await Task.Run(...)' to do CPU-bound work on a background thread. [D:\E7GEZLY\E7GEZLY API\E7GEZLY API\E7GEZLY API.csproj]
D:\E7GEZLY\E7GEZLY API\E7GEZLY API\Domain\Services\UserVerificationService.cs(61,29): warning CS1998: This async method lacks 'await' operators and will run synchronously. Consider using the 'await' operator to await non-blocking API calls, or 'await Task.Run(...)' to do CPU-bound work on a background thread. [D:\E7GEZLY\E7GEZLY API\E7GEZLY API\E7GEZLY API.csproj]
D:\E7GEZLY\E7GEZLY API\E7GEZLY API\Domain\Services\UserVerificationService.cs(75,52): warning CS1998: This async method lacks 'await' operators and will run synchronously. Consider using the 'await' operator to await non-blocking API calls, or 'await Task.Run(...)' to do CPU-bound work on a background thread. [D:\E7GEZLY\E7GEZLY API\E7GEZLY API\E7GEZLY API.csproj]
D:\E7GEZLY\E7GEZLY API\E7GEZLY API\Domain\Services\UserVerificationService.cs(98,53): warning CS1998: This async method lacks 'await' operators and will run synchronously. Consider using the 'await' operator to await non-blocking API calls, or 'await Task.Run(...)' to do CPU-bound work on a background thread. [D:\E7GEZLY\E7GEZLY API\E7GEZLY API\E7GEZLY API.csproj]
D:\E7GEZLY\E7GEZLY API\E7GEZLY API\Infrastructure\Repositories\VenueRepository.cs(173,30): error CS1061: 'Venue' does not contain a definition for 'Latitude' and no accessible extension method 'Latitude' accepting a first argument of type 'Venue' could be found (are you missing a using directive or an assembly reference?) [D:\E7GEZLY\E7GEZLY API\E7GEZLY API\E7GEZLY API.csproj]
D:\E7GEZLY\E7GEZLY API\E7GEZLY API\Infrastructure\Repositories\VenueRepository.cs(173,53): error CS1061: 'Venue' does not contain a definition for 'Longitude' and no accessible extension method 'Longitude' accepting a first argument of type 'Venue' could be found (are you missing a using directive or an assembly reference?) [D:\E7GEZLY\E7GEZLY API\E7GEZLY API\E7GEZLY API.csproj]
D:\E7GEZLY\E7GEZLY API\E7GEZLY API\Infrastructure\Repositories\VenueRepository.cs(174,30): error CS1061: 'Venue' does not contain a definition for 'Latitude' and no accessible extension method 'Latitude' accepting a first argument of type 'Venue' could be found (are you missing a using directive or an assembly reference?) [D:\E7GEZLY\E7GEZLY API\E7GEZLY API\E7GEZLY API.csproj]
D:\E7GEZLY\E7GEZLY API\E7GEZLY API\Infrastructure\Repositories\VenueRepository.cs(174,68): error CS1061: 'Venue' does not contain a definition for 'Latitude' and no accessible extension method 'Latitude' accepting a first argument of type 'Venue' could be found (are you missing a using directive or an assembly reference?) [D:\E7GEZLY\E7GEZLY API\E7GEZLY API\E7GEZLY API.csproj]
D:\E7GEZLY\E7GEZLY API\E7GEZLY API\Infrastructure\Repositories\VenueRepository.cs(175,30): error CS1061: 'Venue' does not contain a definition for 'Longitude' and no accessible extension method 'Longitude' accepting a first argument of type 'Venue' could be found (are you missing a using directive or an assembly reference?) [D:\E7GEZLY\E7GEZLY API\E7GEZLY API\E7GEZLY API.csproj]
D:\E7GEZLY\E7GEZLY API\E7GEZLY API\Infrastructure\Repositories\VenueRepository.cs(175,69): error CS1061: 'Venue' does not contain a definition for 'Longitude' and no accessible extension method 'Longitude' accepting a first argument of type 'Venue' could be found (are you missing a using directive or an assembly reference?) [D:\E7GEZLY\E7GEZLY API\E7GEZLY API\E7GEZLY API.csproj]
D:\E7GEZLY\E7GEZLY API\E7GEZLY API\Infrastructure\Repositories\VenueRepository.cs(219,50): error CS0234: The type or namespace name 'VenueFeatures' does not exist in the namespace 'E7GEZLY_API.Models' (are you missing an assembly reference?) [D:\E7GEZLY\E7GEZLY API\E7GEZLY API\E7GEZLY API.csproj]
D:\E7GEZLY\E7GEZLY API\E7GEZLY API\Infrastructure\Repositories\VenueRepository.cs(219,85): error CS0234: The type or namespace name 'VenueFeatures' does not exist in the namespace 'E7GEZLY_API.Models' (are you missing an assembly reference?) [D:\E7GEZLY\E7GEZLY API\E7GEZLY API\E7GEZLY API.csproj]
D:\E7GEZLY\E7GEZLY API\E7GEZLY API\Domain\Services\PasswordVerificationService.cs(30,51): warning CS1998: This async method lacks 'await' operators and will run synchronously. Consider using the 'await' operator to await non-blocking API calls, or 'await Task.Run(...)' to do CPU-bound work on a background thread. [D:\E7GEZLY\E7GEZLY API\E7GEZLY API\E7GEZLY API.csproj]
D:\E7GEZLY\E7GEZLY API\E7GEZLY API\Infrastructure\Repositories\CustomerProfileRepository.cs(244,34): warning CS8604: Possible null reference argument for parameter 'one' in 'bool ValueObject.operator ==(ValueObject one, ValueObject two)'. [D:\E7GEZLY\E7GEZLY API\E7GEZLY API\E7GEZLY API.csproj]
D:\E7GEZLY\E7GEZLY API\E7GEZLY API\Infrastructure\Repositories\CustomerProfileRepository.cs(244,63): warning CS8625: Cannot convert null literal to non-nullable reference type. [D:\E7GEZLY\E7GEZLY API\E7GEZLY API\E7GEZLY API.csproj]
D:\E7GEZLY\E7GEZLY API\E7GEZLY API\Infrastructure\Repositories\VenueRepository.cs(238,29): error CS1929: 'VenueName' does not contain a definition for 'Contains' and the best extension method overload 'MemoryExtensions.Contains<string>(ReadOnlySpan<string>, string)' requires a receiver of type 'System.ReadOnlySpan<string>' [D:\E7GEZLY\E7GEZLY API\E7GEZLY API\E7GEZLY API.csproj]
D:\E7GEZLY\E7GEZLY API\E7GEZLY API\Infrastructure\Repositories\VenueRepository.cs(240,32): error CS1061: 'Venue' does not contain a definition for 'StreetAddress' and no accessible extension method 'StreetAddress' accepting a first argument of type 'Venue' could be found (are you missing a using directive or an assembly reference?) [D:\E7GEZLY\E7GEZLY API\E7GEZLY API\E7GEZLY API.csproj]
D:\E7GEZLY\E7GEZLY API\E7GEZLY API\Infrastructure\Repositories\VenueRepository.cs(240,59): error CS1061: 'Venue' does not contain a definition for 'StreetAddress' and no accessible extension method 'StreetAddress' accepting a first argument of type 'Venue' could be found (are you missing a using directive or an assembly reference?) [D:\E7GEZLY\E7GEZLY API\E7GEZLY API\E7GEZLY API.csproj]
D:\E7GEZLY\E7GEZLY API\E7GEZLY API\Infrastructure\Repositories\VenueRepository.cs(241,32): error CS1061: 'Venue' does not contain a definition for 'Landmark' and no accessible extension method 'Landmark' accepting a first argument of type 'Venue' could be found (are you missing a using directive or an assembly reference?) [D:\E7GEZLY\E7GEZLY API\E7GEZLY API\E7GEZLY API.csproj]
D:\E7GEZLY\E7GEZLY API\E7GEZLY API\Infrastructure\Repositories\VenueRepository.cs(241,54): error CS1061: 'Venue' does not contain a definition for 'Landmark' and no accessible extension method 'Landmark' accepting a first argument of type 'Venue' could be found (are you missing a using directive or an assembly reference?) [D:\E7GEZLY\E7GEZLY API\E7GEZLY API\E7GEZLY API.csproj]
D:\E7GEZLY\E7GEZLY API\E7GEZLY API\Domain\Services\PasswordVerificationService.cs(59,49): warning CS1998: This async method lacks 'await' operators and will run synchronously. Consider using the 'await' operator to await non-blocking API calls, or 'await Task.Run(...)' to do CPU-bound work on a background thread. [D:\E7GEZLY\E7GEZLY API\E7GEZLY API\E7GEZLY API.csproj]
D:\E7GEZLY\E7GEZLY API\E7GEZLY API\Domain\Services\PasswordVerificationService.cs(101,31): warning CS1998: This async method lacks 'await' operators and will run synchronously. Consider using the 'await' operator to await non-blocking API calls, or 'await Task.Run(...)' to do CPU-bound work on a background thread. [D:\E7GEZLY\E7GEZLY API\E7GEZLY API\E7GEZLY API.csproj]
D:\E7GEZLY\E7GEZLY API\E7GEZLY API\Domain\Services\PasswordVerificationService.cs(109,45): warning CS1998: This async method lacks 'await' operators and will run synchronously. Consider using the 'await' operator to await non-blocking API calls, or 'await Task.Run(...)' to do CPU-bound work on a background thread. [D:\E7GEZLY\E7GEZLY API\E7GEZLY API\E7GEZLY API.csproj]
D:\E7GEZLY\E7GEZLY API\E7GEZLY API\Domain\Services\PasswordVerificationService.cs(121,23): warning CS1998: This async method lacks 'await' operators and will run synchronously. Consider using the 'await' operator to await non-blocking API calls, or 'await Task.Run(...)' to do CPU-bound work on a background thread. [D:\E7GEZLY\E7GEZLY API\E7GEZLY API\E7GEZLY API.csproj]
D:\E7GEZLY\E7GEZLY API\E7GEZLY API\Domain\Services\PasswordVerificationService.cs(134,23): warning CS1998: This async method lacks 'await' operators and will run synchronously. Consider using the 'await' operator to await non-blocking API calls, or 'await Task.Run(...)' to do CPU-bound work on a background thread. [D:\E7GEZLY\E7GEZLY API\E7GEZLY API\E7GEZLY API.csproj]
D:\E7GEZLY\E7GEZLY API\E7GEZLY API\Services\Auth\ProfileService.cs(252,20): warning CS8604: Possible null reference argument for parameter 'one' in 'bool ValueObject.operator !=(ValueObject one, ValueObject two)'. [D:\E7GEZLY\E7GEZLY API\E7GEZLY API\E7GEZLY API.csproj]
D:\E7GEZLY\E7GEZLY API\E7GEZLY API\Services\Auth\ProfileService.cs(252,49): warning CS8625: Cannot convert null literal to non-nullable reference type. [D:\E7GEZLY\E7GEZLY API\E7GEZLY API\E7GEZLY API.csproj]
D:\E7GEZLY\E7GEZLY API\E7GEZLY API\Services\Auth\ProfileService.cs(184,17): warning CS8604: Possible null reference argument for parameter 'one' in 'bool ValueObject.operator ==(ValueObject one, ValueObject two)'. [D:\E7GEZLY\E7GEZLY API\E7GEZLY API\E7GEZLY API.csproj]
D:\E7GEZLY\E7GEZLY API\E7GEZLY API\Services\Auth\ProfileService.cs(184,48): warning CS8625: Cannot convert null literal to non-nullable reference type. [D:\E7GEZLY\E7GEZLY API\E7GEZLY API\E7GEZLY API.csproj]
D:\E7GEZLY\E7GEZLY API\E7GEZLY API\Services\Auth\ProfileService.cs(205,17): warning CS8604: Possible null reference argument for parameter 'one' in 'bool ValueObject.operator ==(ValueObject one, ValueObject two)'. [D:\E7GEZLY\E7GEZLY API\E7GEZLY API\E7GEZLY API.csproj]
D:\E7GEZLY\E7GEZLY API\E7GEZLY API\Services\Auth\ProfileService.cs(205,46): warning CS8625: Cannot convert null literal to non-nullable reference type. [D:\E7GEZLY\E7GEZLY API\E7GEZLY API\E7GEZLY API.csproj]

Build FAILED.

D:\E7GEZLY\E7GEZLY API\E7GEZLY API\Controllers\VenueManagement\VenueBookingController.cs(13,38): warning CS1998: This async method lacks 'await' operators and will run synchronously. Consider using the 'await' operator to await non-blocking API calls, or 'await Task.Run(...)' to do CPU-bound work on a background thread. [D:\E7GEZLY\E7GEZLY API\E7GEZLY API\E7GEZLY API.csproj]
D:\E7GEZLY\E7GEZLY API\E7GEZLY API\Application\Features\VenueProfile\Queries\IsProfileComplete\IsProfileCompleteHandler.cs(50,21): warning CS8604: Possible null reference argument for parameter 'one' in 'bool ValueObject.operator ==(ValueObject one, ValueObject two)'. [D:\E7GEZLY\E7GEZLY API\E7GEZLY API\E7GEZLY API.csproj]
D:\E7GEZLY\E7GEZLY API\E7GEZLY API\Application\Features\VenueProfile\Queries\IsProfileComplete\IsProfileCompleteHandler.cs(50,50): warning CS8625: Cannot convert null literal to non-nullable reference type. [D:\E7GEZLY\E7GEZLY API\E7GEZLY API\E7GEZLY API.csproj]
D:\E7GEZLY\E7GEZLY API\E7GEZLY API\Application\Features\VenueProfile\Queries\IsProfileComplete\IsProfileCompleteHandler.cs(54,25): warning CS8604: Possible null reference argument for parameter 'one' in 'bool ValueObject.operator ==(ValueObject one, ValueObject two)'. [D:\E7GEZLY\E7GEZLY API\E7GEZLY API\E7GEZLY API.csproj]
D:\E7GEZLY\E7GEZLY API\E7GEZLY API\Application\Features\VenueProfile\Queries\IsProfileComplete\IsProfileCompleteHandler.cs(54,54): warning CS8625: Cannot convert null literal to non-nullable reference type. [D:\E7GEZLY\E7GEZLY API\E7GEZLY API\E7GEZLY API.csproj]
D:\E7GEZLY\E7GEZLY API\E7GEZLY API\Application\Features\Authentication\Commands\Login\VenueLoginHandler.cs(131,79): warning CS8625: Cannot convert null literal to non-nullable reference type. [D:\E7GEZLY\E7GEZLY API\E7GEZLY API\E7GEZLY API.csproj]
D:\E7GEZLY\E7GEZLY API\E7GEZLY API\Controllers\TestController.cs(54,61): warning CS8604: Possible null reference argument for parameter 'data' in 'ApiResponse<object> ApiResponse<object>.CreateSuccess(object data, string message = "Success")'. [D:\E7GEZLY\E7GEZLY API\E7GEZLY API\E7GEZLY API.csproj]
D:\E7GEZLY\E7GEZLY API\E7GEZLY API\Controllers\TestController.cs(57,68): warning CS8604: Possible null reference argument for parameter 'message' in 'ApiResponse<object> ApiResponse<object>.CreateError(string message)'. [D:\E7GEZLY\E7GEZLY API\E7GEZLY API\E7GEZLY API.csproj]
D:\E7GEZLY\E7GEZLY API\E7GEZLY API\Application\Common\Mappings\MappingProfile.cs(29,21): warning CS8604: Possible null reference argument for parameter 'one' in 'bool ValueObject.operator !=(ValueObject one, ValueObject two)'. [D:\E7GEZLY\E7GEZLY API\E7GEZLY API\E7GEZLY API.csproj]
D:\E7GEZLY\E7GEZLY API\E7GEZLY API\Application\Common\Mappings\MappingProfile.cs(29,48): warning CS8625: Cannot convert null literal to non-nullable reference type. [D:\E7GEZLY\E7GEZLY API\E7GEZLY API\E7GEZLY API.csproj]
D:\E7GEZLY\E7GEZLY API\E7GEZLY API\Controllers\LocationController.cs(42,61): warning CS8604: Possible null reference argument for parameter 'data' in 'ApiResponse<object> ApiResponse<object>.CreateSuccess(object data, string message = "Success")'. [D:\E7GEZLY\E7GEZLY API\E7GEZLY API\E7GEZLY API.csproj]
D:\E7GEZLY\E7GEZLY API\E7GEZLY API\Controllers\LocationController.cs(46,68): warning CS8604: Possible null reference argument for parameter 'message' in 'ApiResponse<object> ApiResponse<object>.CreateError(string message)'. [D:\E7GEZLY\E7GEZLY API\E7GEZLY API\E7GEZLY API.csproj]
D:\E7GEZLY\E7GEZLY API\E7GEZLY API\Application\Features\Authentication\Queries\GetUserProfile\GetUserProfileHandler.cs(37,39): warning CS8602: Dereference of a possibly null reference. [D:\E7GEZLY\E7GEZLY API\E7GEZLY API\E7GEZLY API.csproj]
D:\E7GEZLY\E7GEZLY API\E7GEZLY API\Application\Features\Authentication\Queries\GetUserProfile\GetUserProfileHandler.cs(39,39): warning CS8602: Dereference of a possibly null reference. [D:\E7GEZLY\E7GEZLY API\E7GEZLY API\E7GEZLY API.csproj]
D:\E7GEZLY\E7GEZLY API\E7GEZLY API\Application\Features\Authentication\Queries\GetUserProfile\GetUserProfileHandler.cs(41,39): warning CS8602: Dereference of a possibly null reference. [D:\E7GEZLY\E7GEZLY API\E7GEZLY API\E7GEZLY API.csproj]
D:\E7GEZLY\E7GEZLY API\E7GEZLY API\Application\Features\Authentication\Queries\GetUserProfile\GetUserProfileHandler.cs(43,39): warning CS8602: Dereference of a possibly null reference. [D:\E7GEZLY\E7GEZLY API\E7GEZLY API\E7GEZLY API.csproj]
D:\E7GEZLY\E7GEZLY API\E7GEZLY API\Controllers\LocationController.cs(64,61): warning CS8604: Possible null reference argument for parameter 'data' in 'ApiResponse<object> ApiResponse<object>.CreateSuccess(object data, string message = "Success")'. [D:\E7GEZLY\E7GEZLY API\E7GEZLY API\E7GEZLY API.csproj]
D:\E7GEZLY\E7GEZLY API\E7GEZLY API\Controllers\LocationController.cs(68,68): warning CS8604: Possible null reference argument for parameter 'message' in 'ApiResponse<object> ApiResponse<object>.CreateError(string message)'. [D:\E7GEZLY\E7GEZLY API\E7GEZLY API\E7GEZLY API.csproj]
D:\E7GEZLY\E7GEZLY API\E7GEZLY API\Controllers\TestController.cs(133,61): warning CS8604: Possible null reference argument for parameter 'data' in 'ApiResponse<object> ApiResponse<object>.CreateSuccess(object data, string message = "Success")'. [D:\E7GEZLY\E7GEZLY API\E7GEZLY API\E7GEZLY API.csproj]
D:\E7GEZLY\E7GEZLY API\E7GEZLY API\Controllers\TestController.cs(136,68): warning CS8604: Possible null reference argument for parameter 'message' in 'ApiResponse<object> ApiResponse<object>.CreateError(string message)'. [D:\E7GEZLY\E7GEZLY API\E7GEZLY API\E7GEZLY API.csproj]
D:\E7GEZLY\E7GEZLY API\E7GEZLY API\Controllers\LocationController.cs(85,61): warning CS8604: Possible null reference argument for parameter 'data' in 'ApiResponse<object> ApiResponse<object>.CreateSuccess(object data, string message = "Success")'. [D:\E7GEZLY\E7GEZLY API\E7GEZLY API\E7GEZLY API.csproj]
D:\E7GEZLY\E7GEZLY API\E7GEZLY API\Controllers\LocationController.cs(89,68): warning CS8604: Possible null reference argument for parameter 'message' in 'ApiResponse<object> ApiResponse<object>.CreateError(string message)'. [D:\E7GEZLY\E7GEZLY API\E7GEZLY API\E7GEZLY API.csproj]
D:\E7GEZLY\E7GEZLY API\E7GEZLY API\Controllers\LocationController.cs(117,68): warning CS8604: Possible null reference argument for parameter 'message' in 'ApiResponse<object> ApiResponse<object>.CreateError(string message)'. [D:\E7GEZLY\E7GEZLY API\E7GEZLY API\E7GEZLY API.csproj]
D:\E7GEZLY\E7GEZLY API\E7GEZLY API\Application\Features\VenueProfile\Queries\GetVenueProfile\GetVenueProfileHandler.cs(77,38): warning CS8625: Cannot convert null literal to non-nullable reference type. [D:\E7GEZLY\E7GEZLY API\E7GEZLY API\E7GEZLY API.csproj]
D:\E7GEZLY\E7GEZLY API\E7GEZLY API\Controllers\VenueManagement\VenueProfileController.cs(129,85): warning CS8604: Possible null reference argument for parameter 'data' in 'ApiResponse<ProfileCompletionStatusDto> ApiResponse<ProfileCompletionStatusDto>.CreateSuccess(ProfileCompletionStatusDto data, string message = "Success")'. [D:\E7GEZLY\E7GEZLY API\E7GEZLY API\E7GEZLY API.csproj]
D:\E7GEZLY\E7GEZLY API\E7GEZLY API\Domain\ValueObjects\Address.cs(51,111): warning CS8604: Possible null reference argument for parameter 'one' in 'bool ValueObject.operator ==(ValueObject one, ValueObject two)'. [D:\E7GEZLY\E7GEZLY API\E7GEZLY API\E7GEZLY API.csproj]
D:\E7GEZLY\E7GEZLY API\E7GEZLY API\Domain\ValueObjects\Address.cs(51,126): warning CS8625: Cannot convert null literal to non-nullable reference type. [D:\E7GEZLY\E7GEZLY API\E7GEZLY API\E7GEZLY API.csproj]
D:\E7GEZLY\E7GEZLY API\E7GEZLY API\Application\Features\VenueProfile\Commands\CompleteProfile\CompleteVenueProfileHandler.cs(104,48): warning CS8625: Cannot convert null literal to non-nullable reference type. [D:\E7GEZLY\E7GEZLY API\E7GEZLY API\E7GEZLY API.csproj]
D:\E7GEZLY\E7GEZLY API\E7GEZLY API\Domain\Services\VenueProfileCompletionService.cs(34,29): warning CS8604: Possible null reference argument for parameter 'one' in 'bool ValueObject.operator !=(ValueObject one, ValueObject two)'. [D:\E7GEZLY\E7GEZLY API\E7GEZLY API\E7GEZLY API.csproj]
D:\E7GEZLY\E7GEZLY API\E7GEZLY API\Domain\Services\VenueProfileCompletionService.cs(34,58): warning CS8625: Cannot convert null literal to non-nullable reference type. [D:\E7GEZLY\E7GEZLY API\E7GEZLY API\E7GEZLY API.csproj]
D:\E7GEZLY\E7GEZLY API\E7GEZLY API\Domain\Services\VenueProfileCompletionService.cs(74,13): warning CS8604: Possible null reference argument for parameter 'one' in 'bool ValueObject.operator ==(ValueObject one, ValueObject two)'. [D:\E7GEZLY\E7GEZLY API\E7GEZLY API\E7GEZLY API.csproj]
D:\E7GEZLY\E7GEZLY API\E7GEZLY API\Domain\Services\VenueProfileCompletionService.cs(74,42): warning CS8625: Cannot convert null literal to non-nullable reference type. [D:\E7GEZLY\E7GEZLY API\E7GEZLY API\E7GEZLY API.csproj]
D:\E7GEZLY\E7GEZLY API\E7GEZLY API\Domain\Services\VenueProfileCompletionService.cs(136,30): warning CS1998: This async method lacks 'await' operators and will run synchronously. Consider using the 'await' operator to await non-blocking API calls, or 'await Task.Run(...)' to do CPU-bound work on a background thread. [D:\E7GEZLY\E7GEZLY API\E7GEZLY API\E7GEZLY API.csproj]
D:\E7GEZLY\E7GEZLY API\E7GEZLY API\Application\Features\VenueProfile\Commands\CompletePlayStationProfile\CompletePlayStationProfileHandler.cs(149,28): warning CS1998: This async method lacks 'await' operators and will run synchronously. Consider using the 'await' operator to await non-blocking API calls, or 'await Task.Run(...)' to do CPU-bound work on a background thread. [D:\E7GEZLY\E7GEZLY API\E7GEZLY API\E7GEZLY API.csproj]
D:\E7GEZLY\E7GEZLY API\E7GEZLY API\Application\Features\VenueProfile\Commands\CompleteCourtProfile\CompleteCourtProfileHandler.cs(140,28): warning CS1998: This async method lacks 'await' operators and will run synchronously. Consider using the 'await' operator to await non-blocking API calls, or 'await Task.Run(...)' to do CPU-bound work on a background thread. [D:\E7GEZLY\E7GEZLY API\E7GEZLY API\E7GEZLY API.csproj]
D:\E7GEZLY\E7GEZLY API\E7GEZLY API\Domain\Services\VenueProfileCompletionService.cs(157,24): warning CS1998: This async method lacks 'await' operators and will run synchronously. Consider using the 'await' operator to await non-blocking API calls, or 'await Task.Run(...)' to do CPU-bound work on a background thread. [D:\E7GEZLY\E7GEZLY API\E7GEZLY API\E7GEZLY API.csproj]
D:\E7GEZLY\E7GEZLY API\E7GEZLY API\Infrastructure\Repositories\VenueRepository.cs(83,34): warning CS1998: This async method lacks 'await' operators and will run synchronously. Consider using the 'await' operator to await non-blocking API calls, or 'await Task.Run(...)' to do CPU-bound work on a background thread. [D:\E7GEZLY\E7GEZLY API\E7GEZLY API\E7GEZLY API.csproj]
D:\E7GEZLY\E7GEZLY API\E7GEZLY API\Application\Features\VenueProfile\Commands\CompleteCourtProfile\CompleteCourtProfileHandler.cs(167,28): warning CS1998: This async method lacks 'await' operators and will run synchronously. Consider using the 'await' operator to await non-blocking API calls, or 'await Task.Run(...)' to do CPU-bound work on a background thread. [D:\E7GEZLY\E7GEZLY API\E7GEZLY API\E7GEZLY API.csproj]
D:\E7GEZLY\E7GEZLY API\E7GEZLY API\Application\Features\VenueProfile\Commands\CompleteCourtProfile\CompleteCourtProfileHandler.cs(201,28): warning CS1998: This async method lacks 'await' operators and will run synchronously. Consider using the 'await' operator to await non-blocking API calls, or 'await Task.Run(...)' to do CPU-bound work on a background thread. [D:\E7GEZLY\E7GEZLY API\E7GEZLY API\E7GEZLY API.csproj]
D:\E7GEZLY\E7GEZLY API\E7GEZLY API\Infrastructure\Mappings\SimpleMappingProfile.cs(28,77): warning CS8604: Possible null reference argument for parameter 'one' in 'bool ValueObject.operator !=(ValueObject one, ValueObject two)'. [D:\E7GEZLY\E7GEZLY API\E7GEZLY API\E7GEZLY API.csproj]
D:\E7GEZLY\E7GEZLY API\E7GEZLY API\Infrastructure\Mappings\SimpleMappingProfile.cs(28,104): warning CS8625: Cannot convert null literal to non-nullable reference type. [D:\E7GEZLY\E7GEZLY API\E7GEZLY API\E7GEZLY API.csproj]
D:\E7GEZLY\E7GEZLY API\E7GEZLY API\Infrastructure\Mappings\SimpleMappingProfile.cs(29,78): warning CS8604: Possible null reference argument for parameter 'one' in 'bool ValueObject.operator !=(ValueObject one, ValueObject two)'. [D:\E7GEZLY\E7GEZLY API\E7GEZLY API\E7GEZLY API.csproj]
D:\E7GEZLY\E7GEZLY API\E7GEZLY API\Infrastructure\Mappings\SimpleMappingProfile.cs(29,105): warning CS8625: Cannot convert null literal to non-nullable reference type. [D:\E7GEZLY\E7GEZLY API\E7GEZLY API\E7GEZLY API.csproj]
D:\E7GEZLY\E7GEZLY API\E7GEZLY API\Application\Features\VenueProfile\Commands\CompletePlayStationProfile\CompletePlayStationProfileHandler.cs(227,28): warning CS1998: This async method lacks 'await' operators and will run synchronously. Consider using the 'await' operator to await non-blocking API calls, or 'await Task.Run(...)' to do CPU-bound work on a background thread. [D:\E7GEZLY\E7GEZLY API\E7GEZLY API\E7GEZLY API.csproj]
D:\E7GEZLY\E7GEZLY API\E7GEZLY API\Application\Features\VenueProfile\Commands\CompletePlayStationProfile\CompletePlayStationProfileHandler.cs(286,28): warning CS1998: This async method lacks 'await' operators and will run synchronously. Consider using the 'await' operator to await non-blocking API calls, or 'await Task.Run(...)' to do CPU-bound work on a background thread. [D:\E7GEZLY\E7GEZLY API\E7GEZLY API\E7GEZLY API.csproj]
D:\E7GEZLY\E7GEZLY API\E7GEZLY API\Infrastructure\Repositories\CustomerProfileRepository.cs(68,30): warning CS8604: Possible null reference argument for parameter 'one' in 'bool ValueObject.operator !=(ValueObject one, ValueObject two)'. [D:\E7GEZLY\E7GEZLY API\E7GEZLY API\E7GEZLY API.csproj]
D:\E7GEZLY\E7GEZLY API\E7GEZLY API\Infrastructure\Repositories\CustomerProfileRepository.cs(68,56): warning CS8625: Cannot convert null literal to non-nullable reference type. [D:\E7GEZLY\E7GEZLY API\E7GEZLY API\E7GEZLY API.csproj]
D:\E7GEZLY\E7GEZLY API\E7GEZLY API\Domain\Services\VenueProfileCompletionService.cs(174,24): warning CS1998: This async method lacks 'await' operators and will run synchronously. Consider using the 'await' operator to await non-blocking API calls, or 'await Task.Run(...)' to do CPU-bound work on a background thread. [D:\E7GEZLY\E7GEZLY API\E7GEZLY API\E7GEZLY API.csproj]
D:\E7GEZLY\E7GEZLY API\E7GEZLY API\Domain\Services\VenueProfileCompletionService.cs(210,24): warning CS1998: This async method lacks 'await' operators and will run synchronously. Consider using the 'await' operator to await non-blocking API calls, or 'await Task.Run(...)' to do CPU-bound work on a background thread. [D:\E7GEZLY\E7GEZLY API\E7GEZLY API\E7GEZLY API.csproj]
D:\E7GEZLY\E7GEZLY API\E7GEZLY API\Infrastructure\Repositories\CustomerProfileRepository.cs(133,44): warning CS1998: This async method lacks 'await' operators and will run synchronously. Consider using the 'await' operator to await non-blocking API calls, or 'await Task.Run(...)' to do CPU-bound work on a background thread. [D:\E7GEZLY\E7GEZLY API\E7GEZLY API\E7GEZLY API.csproj]
D:\E7GEZLY\E7GEZLY API\E7GEZLY API\Domain\Services\VenueAuthorizationService.cs(93,44): warning CS1998: This async method lacks 'await' operators and will run synchronously. Consider using the 'await' operator to await non-blocking API calls, or 'await Task.Run(...)' to do CPU-bound work on a background thread. [D:\E7GEZLY\E7GEZLY API\E7GEZLY API\E7GEZLY API.csproj]
D:\E7GEZLY\E7GEZLY API\E7GEZLY API\Domain\Services\VenueAuthorizationService.cs(127,41): warning CS1998: This async method lacks 'await' operators and will run synchronously. Consider using the 'await' operator to await non-blocking API calls, or 'await Task.Run(...)' to do CPU-bound work on a background thread. [D:\E7GEZLY\E7GEZLY API\E7GEZLY API\E7GEZLY API.csproj]
D:\E7GEZLY\E7GEZLY API\E7GEZLY API\Domain\Services\VenueAuthorizationService.cs(181,42): warning CS1998: This async method lacks 'await' operators and will run synchronously. Consider using the 'await' operator to await non-blocking API calls, or 'await Task.Run(...)' to do CPU-bound work on a background thread. [D:\E7GEZLY\E7GEZLY API\E7GEZLY API\E7GEZLY API.csproj]
D:\E7GEZLY\E7GEZLY API\E7GEZLY API\Infrastructure\Repositories\UserRepository.cs(128,33): warning CS1998: This async method lacks 'await' operators and will run synchronously. Consider using the 'await' operator to await non-blocking API calls, or 'await Task.Run(...)' to do CPU-bound work on a background thread. [D:\E7GEZLY\E7GEZLY API\E7GEZLY API\E7GEZLY API.csproj]
D:\E7GEZLY\E7GEZLY API\E7GEZLY API\Domain\Services\VenueAuthorizationService.cs(206,42): warning CS1998: This async method lacks 'await' operators and will run synchronously. Consider using the 'await' operator to await non-blocking API calls, or 'await Task.Run(...)' to do CPU-bound work on a background thread. [D:\E7GEZLY\E7GEZLY API\E7GEZLY API\E7GEZLY API.csproj]
D:\E7GEZLY\E7GEZLY API\E7GEZLY API\Domain\Services\UserVerificationService.cs(14,31): warning CS1998: This async method lacks 'await' operators and will run synchronously. Consider using the 'await' operator to await non-blocking API calls, or 'await Task.Run(...)' to do CPU-bound work on a background thread. [D:\E7GEZLY\E7GEZLY API\E7GEZLY API\E7GEZLY API.csproj]
D:\E7GEZLY\E7GEZLY API\E7GEZLY API\Domain\Services\UserVerificationService.cs(20,31): warning CS1998: This async method lacks 'await' operators and will run synchronously. Consider using the 'await' operator to await non-blocking API calls, or 'await Task.Run(...)' to do CPU-bound work on a background thread. [D:\E7GEZLY\E7GEZLY API\E7GEZLY API\E7GEZLY API.csproj]
D:\E7GEZLY\E7GEZLY API\E7GEZLY API\Domain\Services\UserVerificationService.cs(26,31): warning CS1998: This async method lacks 'await' operators and will run synchronously. Consider using the 'await' operator to await non-blocking API calls, or 'await Task.Run(...)' to do CPU-bound work on a background thread. [D:\E7GEZLY\E7GEZLY API\E7GEZLY API\E7GEZLY API.csproj]
D:\E7GEZLY\E7GEZLY API\E7GEZLY API\Services\Auth\TokenService.cs(191,33): warning CS1998: This async method lacks 'await' operators and will run synchronously. Consider using the 'await' operator to await non-blocking API calls, or 'await Task.Run(...)' to do CPU-bound work on a background thread. [D:\E7GEZLY\E7GEZLY API\E7GEZLY API\E7GEZLY API.csproj]
D:\E7GEZLY\E7GEZLY API\E7GEZLY API\Domain\Services\UserVerificationService.cs(34,33): warning CS1998: This async method lacks 'await' operators and will run synchronously. Consider using the 'await' operator to await non-blocking API calls, or 'await Task.Run(...)' to do CPU-bound work on a background thread. [D:\E7GEZLY\E7GEZLY API\E7GEZLY API\E7GEZLY API.csproj]
D:\E7GEZLY\E7GEZLY API\E7GEZLY API\Infrastructure\Repositories\LocationRepository.cs(162,40): warning CS1998: This async method lacks 'await' operators and will run synchronously. Consider using the 'await' operator to await non-blocking API calls, or 'await Task.Run(...)' to do CPU-bound work on a background thread. [D:\E7GEZLY\E7GEZLY API\E7GEZLY API\E7GEZLY API.csproj]
D:\E7GEZLY\E7GEZLY API\E7GEZLY API\Domain\Services\UserVerificationService.cs(47,29): warning CS1998: This async method lacks 'await' operators and will run synchronously. Consider using the 'await' operator to await non-blocking API calls, or 'await Task.Run(...)' to do CPU-bound work on a background thread. [D:\E7GEZLY\E7GEZLY API\E7GEZLY API\E7GEZLY API.csproj]
D:\E7GEZLY\E7GEZLY API\E7GEZLY API\Infrastructure\Repositories\LocationRepository.cs(169,37): warning CS1998: This async method lacks 'await' operators and will run synchronously. Consider using the 'await' operator to await non-blocking API calls, or 'await Task.Run(...)' to do CPU-bound work on a background thread. [D:\E7GEZLY\E7GEZLY API\E7GEZLY API\E7GEZLY API.csproj]
D:\E7GEZLY\E7GEZLY API\E7GEZLY API\Services\Auth\TokenService.cs(219,45): warning CS1998: This async method lacks 'await' operators and will run synchronously. Consider using the 'await' operator to await non-blocking API calls, or 'await Task.Run(...)' to do CPU-bound work on a background thread. [D:\E7GEZLY\E7GEZLY API\E7GEZLY API\E7GEZLY API.csproj]
D:\E7GEZLY\E7GEZLY API\E7GEZLY API\Domain\Services\UserVerificationService.cs(61,29): warning CS1998: This async method lacks 'await' operators and will run synchronously. Consider using the 'await' operator to await non-blocking API calls, or 'await Task.Run(...)' to do CPU-bound work on a background thread. [D:\E7GEZLY\E7GEZLY API\E7GEZLY API\E7GEZLY API.csproj]
D:\E7GEZLY\E7GEZLY API\E7GEZLY API\Domain\Services\UserVerificationService.cs(75,52): warning CS1998: This async method lacks 'await' operators and will run synchronously. Consider using the 'await' operator to await non-blocking API calls, or 'await Task.Run(...)' to do CPU-bound work on a background thread. [D:\E7GEZLY\E7GEZLY API\E7GEZLY API\E7GEZLY API.csproj]
D:\E7GEZLY\E7GEZLY API\E7GEZLY API\Domain\Services\UserVerificationService.cs(98,53): warning CS1998: This async method lacks 'await' operators and will run synchronously. Consider using the 'await' operator to await non-blocking API calls, or 'await Task.Run(...)' to do CPU-bound work on a background thread. [D:\E7GEZLY\E7GEZLY API\E7GEZLY API\E7GEZLY API.csproj]
D:\E7GEZLY\E7GEZLY API\E7GEZLY API\Domain\Services\PasswordVerificationService.cs(30,51): warning CS1998: This async method lacks 'await' operators and will run synchronously. Consider using the 'await' operator to await non-blocking API calls, or 'await Task.Run(...)' to do CPU-bound work on a background thread. [D:\E7GEZLY\E7GEZLY API\E7GEZLY API\E7GEZLY API.csproj]
D:\E7GEZLY\E7GEZLY API\E7GEZLY API\Infrastructure\Repositories\CustomerProfileRepository.cs(244,34): warning CS8604: Possible null reference argument for parameter 'one' in 'bool ValueObject.operator ==(ValueObject one, ValueObject two)'. [D:\E7GEZLY\E7GEZLY API\E7GEZLY API\E7GEZLY API.csproj]
D:\E7GEZLY\E7GEZLY API\E7GEZLY API\Infrastructure\Repositories\CustomerProfileRepository.cs(244,63): warning CS8625: Cannot convert null literal to non-nullable reference type. [D:\E7GEZLY\E7GEZLY API\E7GEZLY API\E7GEZLY API.csproj]
D:\E7GEZLY\E7GEZLY API\E7GEZLY API\Domain\Services\PasswordVerificationService.cs(59,49): warning CS1998: This async method lacks 'await' operators and will run synchronously. Consider using the 'await' operator to await non-blocking API calls, or 'await Task.Run(...)' to do CPU-bound work on a background thread. [D:\E7GEZLY\E7GEZLY API\E7GEZLY API\E7GEZLY API.csproj]
D:\E7GEZLY\E7GEZLY API\E7GEZLY API\Domain\Services\PasswordVerificationService.cs(101,31): warning CS1998: This async method lacks 'await' operators and will run synchronously. Consider using the 'await' operator to await non-blocking API calls, or 'await Task.Run(...)' to do CPU-bound work on a background thread. [D:\E7GEZLY\E7GEZLY API\E7GEZLY API\E7GEZLY API.csproj]
D:\E7GEZLY\E7GEZLY API\E7GEZLY API\Domain\Services\PasswordVerificationService.cs(109,45): warning CS1998: This async method lacks 'await' operators and will run synchronously. Consider using the 'await' operator to await non-blocking API calls, or 'await Task.Run(...)' to do CPU-bound work on a background thread. [D:\E7GEZLY\E7GEZLY API\E7GEZLY API\E7GEZLY API.csproj]
D:\E7GEZLY\E7GEZLY API\E7GEZLY API\Domain\Services\PasswordVerificationService.cs(121,23): warning CS1998: This async method lacks 'await' operators and will run synchronously. Consider using the 'await' operator to await non-blocking API calls, or 'await Task.Run(...)' to do CPU-bound work on a background thread. [D:\E7GEZLY\E7GEZLY API\E7GEZLY API\E7GEZLY API.csproj]
D:\E7GEZLY\E7GEZLY API\E7GEZLY API\Domain\Services\PasswordVerificationService.cs(134,23): warning CS1998: This async method lacks 'await' operators and will run synchronously. Consider using the 'await' operator to await non-blocking API calls, or 'await Task.Run(...)' to do CPU-bound work on a background thread. [D:\E7GEZLY\E7GEZLY API\E7GEZLY API\E7GEZLY API.csproj]
D:\E7GEZLY\E7GEZLY API\E7GEZLY API\Services\Auth\ProfileService.cs(252,20): warning CS8604: Possible null reference argument for parameter 'one' in 'bool ValueObject.operator !=(ValueObject one, ValueObject two)'. [D:\E7GEZLY\E7GEZLY API\E7GEZLY API\E7GEZLY API.csproj]
D:\E7GEZLY\E7GEZLY API\E7GEZLY API\Services\Auth\ProfileService.cs(252,49): warning CS8625: Cannot convert null literal to non-nullable reference type. [D:\E7GEZLY\E7GEZLY API\E7GEZLY API\E7GEZLY API.csproj]
D:\E7GEZLY\E7GEZLY API\E7GEZLY API\Services\Auth\ProfileService.cs(184,17): warning CS8604: Possible null reference argument for parameter 'one' in 'bool ValueObject.operator ==(ValueObject one, ValueObject two)'. [D:\E7GEZLY\E7GEZLY API\E7GEZLY API\E7GEZLY API.csproj]
D:\E7GEZLY\E7GEZLY API\E7GEZLY API\Services\Auth\ProfileService.cs(184,48): warning CS8625: Cannot convert null literal to non-nullable reference type. [D:\E7GEZLY\E7GEZLY API\E7GEZLY API\E7GEZLY API.csproj]
D:\E7GEZLY\E7GEZLY API\E7GEZLY API\Services\Auth\ProfileService.cs(205,17): warning CS8604: Possible null reference argument for parameter 'one' in 'bool ValueObject.operator ==(ValueObject one, ValueObject two)'. [D:\E7GEZLY\E7GEZLY API\E7GEZLY API\E7GEZLY API.csproj]
D:\E7GEZLY\E7GEZLY API\E7GEZLY API\Services\Auth\ProfileService.cs(205,46): warning CS8625: Cannot convert null literal to non-nullable reference type. [D:\E7GEZLY\E7GEZLY API\E7GEZLY API\E7GEZLY API.csproj]
D:\E7GEZLY\E7GEZLY API\E7GEZLY API\Application\Features\Authentication\Commands\Register\RegisterVenueHandler.cs(74,37): error CS1503: Argument 1: cannot convert from 'E7GEZLY_API.Models.Venue' to 'E7GEZLY_API.Domain.Entities.Venue' [D:\E7GEZLY\E7GEZLY API\E7GEZLY API\E7GEZLY API.csproj]
D:\E7GEZLY\E7GEZLY API\E7GEZLY API\Services\VenueManagement\VenueSubUserService.cs(67,63): error CS1503: Argument 1: cannot convert from 'E7GEZLY_API.Domain.Entities.VenueSubUser' to 'E7GEZLY_API.Models.VenueSubUser' [D:\E7GEZLY\E7GEZLY API\E7GEZLY API\E7GEZLY API.csproj]
D:\E7GEZLY\E7GEZLY API\E7GEZLY API\Services\VenueManagement\VenueSubUserService.cs(89,59): error CS1061: 'VenueSubUserLoginDto' does not contain a definition for 'DeviceType' and no accessible extension method 'DeviceType' accepting a first argument of type 'VenueSubUserLoginDto' could be found (are you missing a using directive or an assembly reference?) [D:\E7GEZLY\E7GEZLY API\E7GEZLY API\E7GEZLY API.csproj]
D:\E7GEZLY\E7GEZLY API\E7GEZLY API\Services\VenueManagement\VenueSubUserService.cs(89,86): error CS1061: 'VenueSubUserLoginDto' does not contain a definition for 'IpAddress' and no accessible extension method 'IpAddress' accepting a first argument of type 'VenueSubUserLoginDto' could be found (are you missing a using directive or an assembly reference?) [D:\E7GEZLY\E7GEZLY API\E7GEZLY API\E7GEZLY API.csproj]
D:\E7GEZLY\E7GEZLY API\E7GEZLY API\Services\VenueManagement\VenueSubUserService.cs(97,58): error CS1503: Argument 1: cannot convert from 'E7GEZLY_API.Domain.Entities.VenueSubUser' to 'E7GEZLY_API.Models.VenueSubUser' [D:\E7GEZLY\E7GEZLY API\E7GEZLY API\E7GEZLY API.csproj]
D:\E7GEZLY\E7GEZLY API\E7GEZLY API\Services\VenueManagement\VenueSubUserService.cs(112,47): error CS1503: Argument 1: cannot convert from 'E7GEZLY_API.Models.VenueSubUserSession' to 'E7GEZLY_API.Domain.Entities.VenueSubUserSession' [D:\E7GEZLY\E7GEZLY API\E7GEZLY API\E7GEZLY API.csproj]
D:\E7GEZLY\E7GEZLY API\E7GEZLY API\Services\VenueManagement\VenueSubUserService.cs(134,34): error CS1503: Argument 1: cannot convert from 'E7GEZLY_API.Domain.Entities.VenueSubUser' to 'E7GEZLY_API.Models.VenueSubUser' [D:\E7GEZLY\E7GEZLY API\E7GEZLY API\E7GEZLY API.csproj]
D:\E7GEZLY\E7GEZLY API\E7GEZLY API\Services\VenueManagement\VenueSubUserService.cs(164,17): error CS1503: Argument 6: cannot convert from 'System.Guid?' to 'System.Guid' [D:\E7GEZLY\E7GEZLY API\E7GEZLY API\E7GEZLY API.csproj]
D:\E7GEZLY\E7GEZLY API\E7GEZLY API\Services\VenueManagement\VenueSubUserService.cs(172,40): error CS1503: Argument 1: cannot convert from 'E7GEZLY_API.Models.VenueSubUser' to 'E7GEZLY_API.Domain.Entities.VenueSubUser' [D:\E7GEZLY\E7GEZLY API\E7GEZLY API\E7GEZLY API.csproj]
D:\E7GEZLY\E7GEZLY API\E7GEZLY API\Services\VenueManagement\VenueSubUserService.cs(267,43): error CS1503: Argument 1: cannot convert from 'E7GEZLY_API.Models.VenueSubUser' to 'E7GEZLY_API.Domain.Entities.VenueSubUser' [D:\E7GEZLY\E7GEZLY API\E7GEZLY API\E7GEZLY API.csproj]
D:\E7GEZLY\E7GEZLY API\E7GEZLY API\Controllers\Auth\CustomerAuthController.cs(333,70): error CS1061: 'District' does not contain a definition for 'GovernorateId' and no accessible extension method 'GovernorateId' accepting a first argument of type 'District' could be found (are you missing a using directive or an assembly reference?) [D:\E7GEZLY\E7GEZLY API\E7GEZLY API\E7GEZLY API.csproj]
D:\E7GEZLY\E7GEZLY API\E7GEZLY API\Services\VenueManagement\VenueSubUserService.cs(365,33): error CS1061: 'VenueSubUser' does not contain a definition for 'CreatedBy' and no accessible extension method 'CreatedBy' accepting a first argument of type 'VenueSubUser' could be found (are you missing a using directive or an assembly reference?) [D:\E7GEZLY\E7GEZLY API\E7GEZLY API\E7GEZLY API.csproj]
D:\E7GEZLY\E7GEZLY API\E7GEZLY API\Services\VenueManagement\VenueSubUserService.cs(378,33): error CS1061: 'VenueSubUser' does not contain a definition for 'CreatedBy' and no accessible extension method 'CreatedBy' accepting a first argument of type 'VenueSubUser' could be found (are you missing a using directive or an assembly reference?) [D:\E7GEZLY\E7GEZLY API\E7GEZLY API\E7GEZLY API.csproj]
D:\E7GEZLY\E7GEZLY API\E7GEZLY API\Services\VenueManagement\VenueSubUserService.cs(418,33): error CS1061: 'VenueSubUserSession' does not contain a definition for 'SubUser' and no accessible extension method 'SubUser' accepting a first argument of type 'VenueSubUserSession' could be found (are you missing a using directive or an assembly reference?) [D:\E7GEZLY\E7GEZLY API\E7GEZLY API\E7GEZLY API.csproj]
D:\E7GEZLY\E7GEZLY API\E7GEZLY API\Application\Features\VenueProfile\Commands\CompletePlayStationProfile\CompletePlayStationProfileHandler.cs(169,48): error CS1503: Argument 1: cannot convert from 'E7GEZLY_API.Models.VenueWorkingHours' to 'E7GEZLY_API.Domain.Entities.VenueWorkingHours' [D:\E7GEZLY\E7GEZLY API\E7GEZLY API\E7GEZLY API.csproj]
D:\E7GEZLY\E7GEZLY API\E7GEZLY API\Application\Features\VenueProfile\Commands\CompletePlayStationProfile\CompletePlayStationProfileHandler.cs(184,50): error CS1503: Argument 1: cannot convert from 'E7GEZLY_API.Models.VenuePlayStationDetails' to 'E7GEZLY_API.Domain.Entities.VenuePlayStationDetails' [D:\E7GEZLY\E7GEZLY API\E7GEZLY API\E7GEZLY API.csproj]
D:\E7GEZLY\E7GEZLY API\E7GEZLY API\Infrastructure\Repositories\VenueRepository.cs(67,52): error CS0019: Operator '==' cannot be applied to operands of type 'VenueName' and 'string' [D:\E7GEZLY\E7GEZLY API\E7GEZLY API\E7GEZLY API.csproj]
D:\E7GEZLY\E7GEZLY API\E7GEZLY API\Application\Features\VenueProfile\Commands\CompleteCourtProfile\CompleteCourtProfileHandler.cs(151,53): error CS1501: No overload for method 'Create' takes 9 arguments [D:\E7GEZLY\E7GEZLY API\E7GEZLY API\E7GEZLY API.csproj]
D:\E7GEZLY\E7GEZLY API\E7GEZLY API\Infrastructure\Repositories\VenueRepository.cs(79,56): error CS1503: Argument 1: cannot convert from 'E7GEZLY_API.Models.Venue' to 'E7GEZLY_API.Domain.Entities.Venue' [D:\E7GEZLY\E7GEZLY API\E7GEZLY API\E7GEZLY API.csproj]
D:\E7GEZLY\E7GEZLY API\E7GEZLY API\Infrastructure\Repositories\VenueRepository.cs(86,36): error CS1503: Argument 1: cannot convert from 'E7GEZLY_API.Models.Venue' to 'E7GEZLY_API.Domain.Entities.Venue' [D:\E7GEZLY\E7GEZLY API\E7GEZLY API\E7GEZLY API.csproj]
D:\E7GEZLY\E7GEZLY API\E7GEZLY API\Application\Features\VenueProfile\Commands\CompleteCourtProfile\CompleteCourtProfileHandler.cs(186,39): error CS1503: Argument 1: cannot convert from 'E7GEZLY_API.Models.VenuePricing' to 'E7GEZLY_API.Domain.Entities.VenuePricing' [D:\E7GEZLY\E7GEZLY API\E7GEZLY API\E7GEZLY API.csproj]
D:\E7GEZLY\E7GEZLY API\E7GEZLY API\Application\Features\VenueProfile\Commands\CompleteCourtProfile\CompleteCourtProfileHandler.cs(198,39): error CS1503: Argument 1: cannot convert from 'E7GEZLY_API.Models.VenuePricing' to 'E7GEZLY_API.Domain.Entities.VenuePricing' [D:\E7GEZLY\E7GEZLY API\E7GEZLY API\E7GEZLY API.csproj]
D:\E7GEZLY\E7GEZLY API\E7GEZLY API\Application\Features\VenueProfile\Commands\CompleteCourtProfile\CompleteCourtProfileHandler.cs(214,42): error CS1503: Argument 1: cannot convert from 'E7GEZLY_API.Models.VenueImage' to 'E7GEZLY_API.Domain.Entities.VenueImage' [D:\E7GEZLY\E7GEZLY API\E7GEZLY API\E7GEZLY API.csproj]
D:\E7GEZLY\E7GEZLY API\E7GEZLY API\Services\VenueManagement\VenueSubUserService.cs(476,25): error CS0272: The property or indexer 'VenueSubUserSession.IsActive' cannot be used in this context because the set accessor is inaccessible [D:\E7GEZLY\E7GEZLY API\E7GEZLY API\E7GEZLY API.csproj]
D:\E7GEZLY\E7GEZLY API\E7GEZLY API\Services\VenueManagement\VenueSubUserService.cs(477,25): error CS0272: The property or indexer 'BaseEntity.UpdatedAt' cannot be used in this context because the set accessor is inaccessible [D:\E7GEZLY\E7GEZLY API\E7GEZLY API\E7GEZLY API.csproj]
D:\E7GEZLY\E7GEZLY API\E7GEZLY API\Services\VenueManagement\VenueSubUserService.cs(497,62): error CS1061: 'VenueSubUserSession' does not contain a definition for 'SubUser' and no accessible extension method 'SubUser' accepting a first argument of type 'VenueSubUserSession' could be found (are you missing a using directive or an assembly reference?) [D:\E7GEZLY\E7GEZLY API\E7GEZLY API\E7GEZLY API.csproj]
D:\E7GEZLY\E7GEZLY API\E7GEZLY API\Application\Features\VenueProfile\Commands\CompletePlayStationProfile\CompletePlayStationProfileHandler.cs(236,43): error CS1503: Argument 1: cannot convert from 'E7GEZLY_API.Models.VenuePricing' to 'E7GEZLY_API.Domain.Entities.VenuePricing' [D:\E7GEZLY\E7GEZLY API\E7GEZLY API\E7GEZLY API.csproj]
D:\E7GEZLY\E7GEZLY API\E7GEZLY API\Application\Features\VenueProfile\Commands\CompletePlayStationProfile\CompletePlayStationProfileHandler.cs(247,43): error CS1503: Argument 1: cannot convert from 'E7GEZLY_API.Models.VenuePricing' to 'E7GEZLY_API.Domain.Entities.VenuePricing' [D:\E7GEZLY\E7GEZLY API\E7GEZLY API\E7GEZLY API.csproj]
D:\E7GEZLY\E7GEZLY API\E7GEZLY API\Application\Features\VenueProfile\Commands\CompletePlayStationProfile\CompletePlayStationProfileHandler.cs(262,43): error CS1503: Argument 1: cannot convert from 'E7GEZLY_API.Models.VenuePricing' to 'E7GEZLY_API.Domain.Entities.VenuePricing' [D:\E7GEZLY\E7GEZLY API\E7GEZLY API\E7GEZLY API.csproj]
D:\E7GEZLY\E7GEZLY API\E7GEZLY API\Application\Features\VenueProfile\Commands\CompletePlayStationProfile\CompletePlayStationProfileHandler.cs(273,43): error CS1503: Argument 1: cannot convert from 'E7GEZLY_API.Models.VenuePricing' to 'E7GEZLY_API.Domain.Entities.VenuePricing' [D:\E7GEZLY\E7GEZLY API\E7GEZLY API\E7GEZLY API.csproj]
D:\E7GEZLY\E7GEZLY API\E7GEZLY API\Application\Features\VenueProfile\Commands\CompletePlayStationProfile\CompletePlayStationProfileHandler.cs(291,42): error CS1503: Argument 1: cannot convert from 'E7GEZLY_API.Models.VenueImage' to 'E7GEZLY_API.Domain.Entities.VenueImage' [D:\E7GEZLY\E7GEZLY API\E7GEZLY API\E7GEZLY API.csproj]
D:\E7GEZLY\E7GEZLY API\E7GEZLY API\Infrastructure\Repositories\VenueRepository.cs(108,20): error CS1929: 'List<Venue>' does not contain a definition for 'ToDomainEntities' and the best extension method overload 'SimpleExtensions.ToDomainEntities(IEnumerable<Venue>)' requires a receiver of type 'System.Collections.Generic.IEnumerable<E7GEZLY_API.Models.Venue>' [D:\E7GEZLY\E7GEZLY API\E7GEZLY API\E7GEZLY API.csproj]
D:\E7GEZLY\E7GEZLY API\E7GEZLY API\Services\VenueManagement\VenueSubUserService.cs(541,33): error CS1061: 'VenueSubUser' does not contain a definition for 'CreatedBy' and no accessible extension method 'CreatedBy' accepting a first argument of type 'VenueSubUser' could be found (are you missing a using directive or an assembly reference?) [D:\E7GEZLY\E7GEZLY API\E7GEZLY API\E7GEZLY API.csproj]
D:\E7GEZLY\E7GEZLY API\E7GEZLY API\Infrastructure\Repositories\VenueRepository.cs(120,20): error CS1929: 'List<Venue>' does not contain a definition for 'ToDomainEntities' and the best extension method overload 'SimpleExtensions.ToDomainEntities(IEnumerable<Venue>)' requires a receiver of type 'System.Collections.Generic.IEnumerable<E7GEZLY_API.Models.Venue>' [D:\E7GEZLY\E7GEZLY API\E7GEZLY API\E7GEZLY API.csproj]
D:\E7GEZLY\E7GEZLY API\E7GEZLY API\Services\VenueManagement\VenueAuditService.cs(49,45): error CS1503: Argument 1: cannot convert from 'E7GEZLY_API.Models.VenueAuditLog' to 'E7GEZLY_API.Domain.Entities.VenueAuditLog' [D:\E7GEZLY\E7GEZLY API\E7GEZLY API\E7GEZLY API.csproj]
D:\E7GEZLY\E7GEZLY API\E7GEZLY API\Services\VenueManagement\VenueAuditService.cs(95,45): error CS1503: Argument 1: cannot convert from 'E7GEZLY_API.Models.VenueAuditLog' to 'E7GEZLY_API.Domain.Entities.VenueAuditLog' [D:\E7GEZLY\E7GEZLY API\E7GEZLY API\E7GEZLY API.csproj]
D:\E7GEZLY\E7GEZLY API\E7GEZLY API\Infrastructure\Repositories\VenueRepository.cs(140,20): error CS1929: 'List<Venue>' does not contain a definition for 'ToDomainEntities' and the best extension method overload 'SimpleExtensions.ToDomainEntities(IEnumerable<Venue>)' requires a receiver of type 'System.Collections.Generic.IEnumerable<E7GEZLY_API.Models.Venue>' [D:\E7GEZLY\E7GEZLY API\E7GEZLY API\E7GEZLY API.csproj]
D:\E7GEZLY\E7GEZLY API\E7GEZLY API\Services\VenueManagement\VenueAuditService.cs(117,35): error CS1061: 'VenueAuditLog' does not contain a definition for 'SubUser' and no accessible extension method 'SubUser' accepting a first argument of type 'VenueAuditLog' could be found (are you missing a using directive or an assembly reference?) [D:\E7GEZLY\E7GEZLY API\E7GEZLY API\E7GEZLY API.csproj]
D:\E7GEZLY\E7GEZLY API\E7GEZLY API\Infrastructure\Repositories\VenueRepository.cs(146,61): error CS1061: 'Venue' does not contain a definition for 'DistrictId' and no accessible extension method 'DistrictId' accepting a first argument of type 'Venue' could be found (are you missing a using directive or an assembly reference?) [D:\E7GEZLY\E7GEZLY API\E7GEZLY API\E7GEZLY API.csproj]
D:\E7GEZLY\E7GEZLY API\E7GEZLY API\Infrastructure\Repositories\VenueRepository.cs(173,30): error CS1061: 'Venue' does not contain a definition for 'Latitude' and no accessible extension method 'Latitude' accepting a first argument of type 'Venue' could be found (are you missing a using directive or an assembly reference?) [D:\E7GEZLY\E7GEZLY API\E7GEZLY API\E7GEZLY API.csproj]
D:\E7GEZLY\E7GEZLY API\E7GEZLY API\Infrastructure\Repositories\VenueRepository.cs(173,53): error CS1061: 'Venue' does not contain a definition for 'Longitude' and no accessible extension method 'Longitude' accepting a first argument of type 'Venue' could be found (are you missing a using directive or an assembly reference?) [D:\E7GEZLY\E7GEZLY API\E7GEZLY API\E7GEZLY API.csproj]
D:\E7GEZLY\E7GEZLY API\E7GEZLY API\Infrastructure\Repositories\VenueRepository.cs(174,30): error CS1061: 'Venue' does not contain a definition for 'Latitude' and no accessible extension method 'Latitude' accepting a first argument of type 'Venue' could be found (are you missing a using directive or an assembly reference?) [D:\E7GEZLY\E7GEZLY API\E7GEZLY API\E7GEZLY API.csproj]
D:\E7GEZLY\E7GEZLY API\E7GEZLY API\Infrastructure\Repositories\VenueRepository.cs(174,68): error CS1061: 'Venue' does not contain a definition for 'Latitude' and no accessible extension method 'Latitude' accepting a first argument of type 'Venue' could be found (are you missing a using directive or an assembly reference?) [D:\E7GEZLY\E7GEZLY API\E7GEZLY API\E7GEZLY API.csproj]
D:\E7GEZLY\E7GEZLY API\E7GEZLY API\Infrastructure\Repositories\VenueRepository.cs(175,30): error CS1061: 'Venue' does not contain a definition for 'Longitude' and no accessible extension method 'Longitude' accepting a first argument of type 'Venue' could be found (are you missing a using directive or an assembly reference?) [D:\E7GEZLY\E7GEZLY API\E7GEZLY API\E7GEZLY API.csproj]
D:\E7GEZLY\E7GEZLY API\E7GEZLY API\Infrastructure\Repositories\VenueRepository.cs(175,69): error CS1061: 'Venue' does not contain a definition for 'Longitude' and no accessible extension method 'Longitude' accepting a first argument of type 'Venue' could be found (are you missing a using directive or an assembly reference?) [D:\E7GEZLY\E7GEZLY API\E7GEZLY API\E7GEZLY API.csproj]
D:\E7GEZLY\E7GEZLY API\E7GEZLY API\Infrastructure\Repositories\VenueRepository.cs(219,50): error CS0234: The type or namespace name 'VenueFeatures' does not exist in the namespace 'E7GEZLY_API.Models' (are you missing an assembly reference?) [D:\E7GEZLY\E7GEZLY API\E7GEZLY API\E7GEZLY API.csproj]
D:\E7GEZLY\E7GEZLY API\E7GEZLY API\Infrastructure\Repositories\VenueRepository.cs(219,85): error CS0234: The type or namespace name 'VenueFeatures' does not exist in the namespace 'E7GEZLY_API.Models' (are you missing an assembly reference?) [D:\E7GEZLY\E7GEZLY API\E7GEZLY API\E7GEZLY API.csproj]
D:\E7GEZLY\E7GEZLY API\E7GEZLY API\Infrastructure\Repositories\VenueRepository.cs(238,29): error CS1929: 'VenueName' does not contain a definition for 'Contains' and the best extension method overload 'MemoryExtensions.Contains<string>(ReadOnlySpan<string>, string)' requires a receiver of type 'System.ReadOnlySpan<string>' [D:\E7GEZLY\E7GEZLY API\E7GEZLY API\E7GEZLY API.csproj]
D:\E7GEZLY\E7GEZLY API\E7GEZLY API\Infrastructure\Repositories\VenueRepository.cs(240,32): error CS1061: 'Venue' does not contain a definition for 'StreetAddress' and no accessible extension method 'StreetAddress' accepting a first argument of type 'Venue' could be found (are you missing a using directive or an assembly reference?) [D:\E7GEZLY\E7GEZLY API\E7GEZLY API\E7GEZLY API.csproj]
D:\E7GEZLY\E7GEZLY API\E7GEZLY API\Infrastructure\Repositories\VenueRepository.cs(240,59): error CS1061: 'Venue' does not contain a definition for 'StreetAddress' and no accessible extension method 'StreetAddress' accepting a first argument of type 'Venue' could be found (are you missing a using directive or an assembly reference?) [D:\E7GEZLY\E7GEZLY API\E7GEZLY API\E7GEZLY API.csproj]
D:\E7GEZLY\E7GEZLY API\E7GEZLY API\Infrastructure\Repositories\VenueRepository.cs(241,32): error CS1061: 'Venue' does not contain a definition for 'Landmark' and no accessible extension method 'Landmark' accepting a first argument of type 'Venue' could be found (are you missing a using directive or an assembly reference?) [D:\E7GEZLY\E7GEZLY API\E7GEZLY API\E7GEZLY API.csproj]
D:\E7GEZLY\E7GEZLY API\E7GEZLY API\Infrastructure\Repositories\VenueRepository.cs(241,54): error CS1061: 'Venue' does not contain a definition for 'Landmark' and no accessible extension method 'Landmark' accepting a first argument of type 'Venue' could be found (are you missing a using directive or an assembly reference?) [D:\E7GEZLY\E7GEZLY API\E7GEZLY API\E7GEZLY API.csproj]
    81 Warning(s)
    52 Error(s)

Time Elapsed 00:00:05.61
